Archive member included to satisfy reference by file (symbol)

/usr/lib/gcc/arm-none-eabi/6.3.1/../../../arm-none-eabi/lib/thumb/v7-m/libc.a(lib_a-memcpy.o)
                              rtos/queue.o (memcpy)
/usr/lib/gcc/arm-none-eabi/6.3.1/../../../arm-none-eabi/lib/thumb/v7-m/libc.a(lib_a-memmove.o)
                              src/getline.o (memmove)
/usr/lib/gcc/arm-none-eabi/6.3.1/../../../arm-none-eabi/lib/thumb/v7-m/libc.a(lib_a-memset.o)
                              rtos/tasks.o (memset)
/usr/lib/gcc/arm-none-eabi/6.3.1/../../../arm-none-eabi/lib/thumb/v7-m/libc.a(lib_a-strlen-stub.o)
                              src/miniprintf.o (strlen)
/mnt/c/Users/migue/Desktop/Escuela/Embebidos/git_libro/stm32f103c8t6/libopencm3/lib/libopencm3_stm32f1.a(exti_common_all.o)
                              src/STM32F1_GPIO.o (exti_set_trigger)
/mnt/c/Users/migue/Desktop/Escuela/Embebidos/git_libro/stm32f103c8t6/libopencm3/lib/libopencm3_stm32f1.a(gpio.o)
                              src/i2c.o (gpio_set_mode)
/mnt/c/Users/migue/Desktop/Escuela/Embebidos/git_libro/stm32f103c8t6/libopencm3/lib/libopencm3_stm32f1.a(gpio_common_all.o)
                              src/i2c.o (gpio_set)
/mnt/c/Users/migue/Desktop/Escuela/Embebidos/git_libro/stm32f103c8t6/libopencm3/lib/libopencm3_stm32f1.a(i2c_common_v1.o)
                              src/i2c.o (i2c_reset)
/mnt/c/Users/migue/Desktop/Escuela/Embebidos/git_libro/stm32f103c8t6/libopencm3/lib/libopencm3_stm32f1.a(rcc.o)
                              src/smart_house_model.o (rcc_clock_setup_in_hse_8mhz_out_72mhz)
/mnt/c/Users/migue/Desktop/Escuela/Embebidos/git_libro/stm32f103c8t6/libopencm3/lib/libopencm3_stm32f1.a(rcc_common_all.o)
                              src/i2c.o (rcc_periph_clock_enable)
/mnt/c/Users/migue/Desktop/Escuela/Embebidos/git_libro/stm32f103c8t6/libopencm3/lib/libopencm3_stm32f1.a(timer_common_all.o)
                              src/smart_house.o (timer_enable_irq)
/mnt/c/Users/migue/Desktop/Escuela/Embebidos/git_libro/stm32f103c8t6/libopencm3/lib/libopencm3_stm32f1.a(usb.o)
                              src/usbcdc.o (usbd_init)
/mnt/c/Users/migue/Desktop/Escuela/Embebidos/git_libro/stm32f103c8t6/libopencm3/lib/libopencm3_stm32f1.a(usb_control.o)
                              src/usbcdc.o (usbd_register_control_callback)
/mnt/c/Users/migue/Desktop/Escuela/Embebidos/git_libro/stm32f103c8t6/libopencm3/lib/libopencm3_stm32f1.a(usb_standard.o)
                              src/usbcdc.o (usbd_register_set_config_callback)
/mnt/c/Users/migue/Desktop/Escuela/Embebidos/git_libro/stm32f103c8t6/libopencm3/lib/libopencm3_stm32f1.a(st_usbfs_v1.o)
                              src/usbcdc.o (st_usbfs_v1_usb_driver)
/mnt/c/Users/migue/Desktop/Escuela/Embebidos/git_libro/stm32f103c8t6/libopencm3/lib/libopencm3_stm32f1.a(vector.o)
                              (reset_handler)
/mnt/c/Users/migue/Desktop/Escuela/Embebidos/git_libro/stm32f103c8t6/libopencm3/lib/libopencm3_stm32f1.a(nvic.o)
                              src/STM32F1_GPIO.o (nvic_enable_irq)
/mnt/c/Users/migue/Desktop/Escuela/Embebidos/git_libro/stm32f103c8t6/libopencm3/lib/libopencm3_stm32f1.a(assert.o)
                              /mnt/c/Users/migue/Desktop/Escuela/Embebidos/git_libro/stm32f103c8t6/libopencm3/lib/libopencm3_stm32f1.a(rcc.o) (cm3_assert_failed)
/mnt/c/Users/migue/Desktop/Escuela/Embebidos/git_libro/stm32f103c8t6/libopencm3/lib/libopencm3_stm32f1.a(flash_common_all.o)
                              /mnt/c/Users/migue/Desktop/Escuela/Embebidos/git_libro/stm32f103c8t6/libopencm3/lib/libopencm3_stm32f1.a(rcc.o) (flash_set_ws)
/mnt/c/Users/migue/Desktop/Escuela/Embebidos/git_libro/stm32f103c8t6/libopencm3/lib/libopencm3_stm32f1.a(st_usbfs_core.o)
                              /mnt/c/Users/migue/Desktop/Escuela/Embebidos/git_libro/stm32f103c8t6/libopencm3/lib/libopencm3_stm32f1.a(st_usbfs_v1.o) (st_usbfs_set_address)
/usr/lib/gcc/arm-none-eabi/6.3.1/thumb/v7-m/libgcc.a(_arm_addsubdf3.o)
                              src/ADS1115_I2C_ADC.o (__aeabi_dadd)
/usr/lib/gcc/arm-none-eabi/6.3.1/thumb/v7-m/libgcc.a(_arm_fixdfsi.o)
                              src/ADS1115_I2C_ADC.o (__aeabi_d2iz)

Discarded input sections

 .text          0x0000000000000000        0x0 src/I2C_LCD.o
 .data          0x0000000000000000        0x0 src/I2C_LCD.o
 .bss           0x0000000000000000        0x0 src/I2C_LCD.o
 .text.I2C_LCD_read
                0x0000000000000000       0x1e src/I2C_LCD.o
 .text          0x0000000000000000        0x0 src/i2c.o
 .data          0x0000000000000000        0x0 src/i2c.o
 .bss           0x0000000000000000        0x0 src/i2c.o
 .text.i2c_get_on
                0x0000000000000000       0x28 src/i2c.o
 .text.i2c_write_restart
                0x0000000000000000       0xec src/i2c.o
 .text          0x0000000000000000        0x0 src/ADS1115_I2C_ADC.o
 .data          0x0000000000000000        0x0 src/ADS1115_I2C_ADC.o
 .bss           0x0000000000000000        0x0 src/ADS1115_I2C_ADC.o
[...]
Memory Configuration

Name             Origin             Length             Attributes
rom              0x0000000008000000 0x0000000000010000 xr
ram              0x0000000020000000 0x0000000000005000 xrw
*default*        0x0000000000000000 0xffffffffffffffff

Linker script and memory map

LOAD src/I2C_LCD.o
LOAD src/i2c.o
LOAD src/ADS1115_I2C_ADC.o
LOAD src/smart_house.o
LOAD src/smart_house_model.o
LOAD src/STM32F1_GPIO.o
LOAD src/usb_serial.o
LOAD src/usbcdc.o
LOAD src/stm32f1_timer.o
LOAD rtos/heap_4.o
LOAD rtos/list.o
LOAD rtos/port.o
LOAD rtos/queue.o
LOAD rtos/tasks.o
LOAD rtos/opencm3.o
LOAD src/getline.o
LOAD src/miniprintf.o
LOAD rtos/timers.o
LOAD rtos/event_groups.o
START GROUP
LOAD /usr/lib/gcc/arm-none-eabi/6.3.1/../../../arm-none-eabi/lib/thumb/v7-m/libc.a
LOAD /usr/lib/gcc/arm-none-eabi/6.3.1/../../../arm-none-eabi/lib/thumb/v7-m/libnosys.a
END GROUP
LOAD /mnt/c/Users/migue/Desktop/Escuela/Embebidos/git_libro/stm32f103c8t6/libopencm3/lib/libopencm3_stm32f1.a
START GROUP
LOAD /usr/lib/gcc/arm-none-eabi/6.3.1/thumb/v7-m/libgcc.a
LOAD /usr/lib/gcc/arm-none-eabi/6.3.1/../../../arm-none-eabi/lib/thumb/v7-m/libc.a
END GROUP
START GROUP
LOAD /usr/lib/gcc/arm-none-eabi/6.3.1/thumb/v7-m/libgcc.a
LOAD /usr/lib/gcc/arm-none-eabi/6.3.1/../../../arm-none-eabi/lib/thumb/v7-m/libc.a
LOAD /usr/lib/gcc/arm-none-eabi/6.3.1/../../../arm-none-eabi/lib/thumb/v7-m/libnosys.a
END GROUP

.text           0x0000000008000000     0x5724
 *(.vectors)
 .vectors       0x0000000008000000      0x150 /mnt/c/Users/migue/Desktop/Escuela/Embebidos/git_libro/stm32f103c8t6/libopencm3/lib/libopencm3_stm32f1.a(vector.o)
                0x0000000008000000                vector_table
 *(.text*)
 .text.I2C_LCD_write_data_cmd
                0x0000000008000150       0x60 src/I2C_LCD.o
                0x0000000008000150                I2C_LCD_write_data_cmd
 .text.I2C_LCD_write
                0x00000000080001b0       0x22 src/I2C_LCD.o
                0x00000000080001b0                I2C_LCD_write
 .text.I2C_LCD_init
                0x00000000080001d2       0x88 src/I2C_LCD.o
                0x00000000080001d2                I2C_LCD_init
 .text.lcd_send_string
                0x000000000800025a       0x3e src/I2C_LCD.o
                0x000000000800025a                lcd_send_string
 .text.lcd_send_arr
                0x0000000008000298       0x4a src/I2C_LCD.o
                0x0000000008000298                lcd_send_arr
 *fill*         0x00000000080002e2        0x2 
 .text.i2c_init
                0x00000000080002e4       0xcc src/i2c.o
                0x00000000080002e4                i2c_init
 .text.i2c_set_on
                0x00000000080003b0       0x38 src/i2c.o
                0x00000000080003b0                i2c_set_on
 .text.i2c_wait_busy
                0x00000000080003e8       0x20 src/i2c.o
                0x00000000080003e8                i2c_wait_busy
 .text.i2c_start_addr
                0x0000000008000408       0xd0 src/i2c.o
                0x0000000008000408                i2c_start_addr
 .text.i2c_write
                0x00000000080004d8       0x70 src/i2c.o
                0x00000000080004d8                i2c_write
 .text.i2c_read
                0x0000000008000548       0x74 src/i2c.o
                0x0000000008000548                i2c_read
 .text.temperature_sensor_set_on
                0x00000000080005bc        0xc src/ADS1115_I2C_ADC.o
                0x00000000080005bc                temperature_sensor_set_on
 .text.temperature_sensor_get_on
                0x00000000080005c8       0x10 src/ADS1115_I2C_ADC.o
                0x00000000080005c8                temperature_sensor_get_on
 .text.read_ADC_register
                0x00000000080005d8       0x64 src/ADS1115_I2C_ADC.o
                0x00000000080005d8                read_ADC_register
 .text.write_ADC_register
                0x000000000800063c       0x64 src/ADS1115_I2C_ADC.o
                0x000000000800063c                write_ADC_register
 .text.temperature_sensor_init
                0x00000000080006a0       0x3c src/ADS1115_I2C_ADC.o
                0x00000000080006a0                temperature_sensor_init
 .text.get_single_ADC_convertion
                0x00000000080006dc       0x34 src/ADS1115_I2C_ADC.o
                0x00000000080006dc                get_single_ADC_convertion
 .text.ADC_get_measure_in_mv
                0x0000000008000710       0x7c src/ADS1115_I2C_ADC.o
                0x0000000008000710                ADC_get_measure_in_mv
 .text.light_sensor_get_light
                0x000000000800078c        0xe src/ADS1115_I2C_ADC.o
                0x000000000800078c                light_sensor_get_light
 .text.temperature_sensor_get_temperature_in_celsius
                0x000000000800079a        0x4 src/ADS1115_I2C_ADC.o
                0x000000000800079a                temperature_sensor_get_temperature_in_celsius
 *fill*         0x000000000800079e        0x2 
 .text.sensor   0x00000000080007a0       0x60 src/smart_house.o
                0x00000000080007a0                sensor
 .text.display  0x0000000008000800       0xec src/smart_house.o
                0x0000000008000800                display
 .text.usb_serial
                0x00000000080008ec       0xf8 src/smart_house.o
                0x00000000080008ec                usb_serial
 .text.debouncing
                0x00000000080009e4       0x98 src/smart_house.o
                0x00000000080009e4                debouncing
 .text.startup.main
                0x0000000008000a7c       0x90 src/smart_house.o
                0x0000000008000a7c                main
 .text.smart_house_pre_init
                0x0000000008000b0c       0x84 src/smart_house_model.o
                0x0000000008000b0c                smart_house_pre_init
 .text.init_physical_buttons
                0x0000000008000b90       0xcc src/smart_house_model.o
                0x0000000008000b90                init_physical_buttons
 .text.smart_house_init
                0x0000000008000c5c      0x1d0 src/smart_house_model.o
                0x0000000008000c5c                smart_house_init
 .text.set_temperature
                0x0000000008000e2c       0x54 src/smart_house_model.o
                0x0000000008000e2c                set_temperature
 .text.set_light
                0x0000000008000e80       0x3c src/smart_house_model.o
                0x0000000008000e80                set_light
 .text.check_thresholds
                0x0000000008000ebc       0xa8 src/smart_house_model.o
                0x0000000008000ebc                check_thresholds
 .text.send_status
                0x0000000008000f64       0x38 src/smart_house_model.o
                0x0000000008000f64                send_status
 .text.set_max_threshold
                0x0000000008000f9c       0x4c src/smart_house_model.o
                0x0000000008000f9c                set_max_threshold
 .text.set_min_threshold
                0x0000000008000fe8       0x50 src/smart_house_model.o
                0x0000000008000fe8                set_min_threshold
 .text.configure_th
                0x0000000008001038       0xf0 src/smart_house_model.o
                0x0000000008001038                configure_th
 .text.led_pwm_increment_10_temperature
                0x0000000008001128       0x58 src/smart_house_model.o
                0x0000000008001128                led_pwm_increment_10_temperature
 .text.led_pwm_decrement_10_temperature
                0x0000000008001180       0x54 src/smart_house_model.o
                0x0000000008001180                led_pwm_decrement_10_temperature
 .text.increment_led
                0x00000000080011d4       0x2a src/smart_house_model.o
                0x00000000080011d4                increment_led
 *fill*         0x00000000080011fe        0x2 
 .text.set_ledIntensity
                0x0000000008001200       0x58 src/smart_house_model.o
                0x0000000008001200                set_ledIntensity
 .text.set_led  0x0000000008001258       0xa0 src/smart_house_model.o
                0x0000000008001258                set_led
 .text.increment_th
                0x00000000080012f8       0x48 src/smart_house_model.o
                0x00000000080012f8                increment_th
 .text.lcd_itoa
                0x0000000008001340       0x46 src/smart_house_model.o
                0x0000000008001340                lcd_itoa
 *fill*         0x0000000008001386        0x2 
 .text.send_lcd_status
                0x0000000008001388       0x58 src/smart_house_model.o
                0x0000000008001388                send_lcd_status
 .text.tim2_isr
                0x00000000080013e0       0x5c src/smart_house_model.o
                0x00000000080013e0                tim2_isr
 .text.exti0_isr
                0x000000000800143c       0x44 src/smart_house_model.o
                0x000000000800143c                exti0_isr
 .text.exti1_isr
                0x0000000008001480       0x44 src/smart_house_model.o
                0x0000000008001480                exti1_isr
 .text.exti2_isr
                0x00000000080014c4       0x44 src/smart_house_model.o
                0x00000000080014c4                exti2_isr
 .text.exti3_isr
                0x0000000008001508       0x44 src/smart_house_model.o
                0x0000000008001508                exti3_isr
 .text.gpio_init
                0x000000000800154c       0x22 src/STM32F1_GPIO.o
                0x000000000800154c                gpio_init
 .text.gpio_enable_interrupt
                0x000000000800156e       0x30 src/STM32F1_GPIO.o
                0x000000000800156e                gpio_enable_interrupt
 .text.set_gpio
                0x000000000800159e        0x6 src/STM32F1_GPIO.o
                0x000000000800159e                set_gpio
 .text.clear_gpio
                0x00000000080015a4        0x6 src/STM32F1_GPIO.o
                0x00000000080015a4                clear_gpio
 .text.toggle_gpio
                0x00000000080015aa        0x6 src/STM32F1_GPIO.o
                0x00000000080015aa                toggle_gpio
 .text.get_time
                0x00000000080015b0       0x48 src/usb_serial.o
 .text.usb_printf2
                0x00000000080015f8       0x10 src/usb_serial.o
 .text.serial_init
                0x0000000008001608       0x48 src/usb_serial.o
                0x0000000008001608                serial_init
 .text.serial_set_help_message
                0x0000000008001650        0xc src/usb_serial.o
                0x0000000008001650                serial_set_help_message
 .text.serial_set_debug
                0x000000000800165c        0xc src/usb_serial.o
                0x000000000800165c                serial_set_debug
 .text.serial_set_on
                0x0000000008001668        0xc src/usb_serial.o
                0x0000000008001668                serial_set_on
 .text.serial_clear_screen
                0x0000000008001674       0x48 src/usb_serial.o
                0x0000000008001674                serial_clear_screen
 .text.serial_print_help
                0x00000000080016bc       0x5c src/usb_serial.o
                0x00000000080016bc                serial_print_help
 .text.serial_print_info
                0x0000000008001718       0x6c src/usb_serial.o
                0x0000000008001718                serial_print_info
 .text.serial_print_conf
                0x0000000008001784       0x6c src/usb_serial.o
                0x0000000008001784                serial_print_conf
 .text.serial_print_message
                0x00000000080017f0       0x48 src/usb_serial.o
                0x00000000080017f0                serial_print_message
 .text.serial_print_error
                0x0000000008001838       0x6c src/usb_serial.o
                0x0000000008001838                serial_print_error
 .text.serial_print_status
                0x00000000080018a4       0x6c src/usb_serial.o
                0x00000000080018a4                serial_print_status
 .text.serial_get_character
                0x0000000008001910       0x10 src/usb_serial.o
                0x0000000008001910                serial_get_character
 .text.cdcacm_control_request
                0x0000000008001920       0x1c src/usbcdc.o
 .text.usb_putc
                0x000000000800193c       0x5c src/usbcdc.o
                0x000000000800193c                usb_putc
 .text.usb_getc
                0x0000000008001998       0x2c src/usbcdc.o
                0x0000000008001998                usb_getc
 .text.usb_task
                0x00000000080019c4       0x70 src/usbcdc.o
 .text.cdcacm_set_config
                0x0000000008001a34       0x44 src/usbcdc.o
 .text.cdcacm_data_rx_cb
                0x0000000008001a78       0x44 src/usbcdc.o
 .text.usb_printf
                0x0000000008001abc       0x20 src/usbcdc.o
                0x0000000008001abc                usb_printf
 .text.usb_start
                0x0000000008001adc       0x90 src/usbcdc.o
                0x0000000008001adc                usb_start
 .text.get_index
                0x0000000008001b6c       0x68 src/stm32f1_timer.o
 .text.timer_init
                0x0000000008001bd4       0x3c src/stm32f1_timer.o
                0x0000000008001bd4                timer_init
 .text.pwm_init
                0x0000000008001c10       0xa0 src/stm32f1_timer.o
                0x0000000008001c10                pwm_init
 .text.timer_set_on
                0x0000000008001cb0       0x58 src/stm32f1_timer.o
                0x0000000008001cb0                timer_set_on
 .text.pwm_set_on
                0x0000000008001d08       0x3c src/stm32f1_timer.o
                0x0000000008001d08                pwm_set_on
 .text.timer_get_on
                0x0000000008001d44       0x44 src/stm32f1_timer.o
                0x0000000008001d44                timer_get_on
 .text.timer_interrupt_set_on
                0x0000000008001d88       0x48 src/stm32f1_timer.o
                0x0000000008001d88                timer_interrupt_set_on
 .text.pwm_set_dc
                0x0000000008001dd0       0x50 src/stm32f1_timer.o
                0x0000000008001dd0                pwm_set_dc
 .text.prvInsertBlockIntoFreeList
                0x0000000008001e20       0x48 rtos/heap_4.o
 .text.pvPortMalloc
                0x0000000008001e68       0xf4 rtos/heap_4.o
                0x0000000008001e68                pvPortMalloc
 .text.vPortFree
                0x0000000008001f5c       0x4c rtos/heap_4.o
                0x0000000008001f5c                vPortFree
 .text.vListInitialise
                0x0000000008001fa8       0x16 rtos/list.o
                0x0000000008001fa8                vListInitialise
 .text.vListInitialiseItem
                0x0000000008001fbe        0x6 rtos/list.o
                0x0000000008001fbe                vListInitialiseItem
 .text.vListInsertEnd
                0x0000000008001fc4       0x18 rtos/list.o
                0x0000000008001fc4                vListInsertEnd
 .text.vListInsert
                0x0000000008001fdc       0x2e rtos/list.o
                0x0000000008001fdc                vListInsert
 .text.uxListRemove
                0x000000000800200a       0x20 rtos/list.o
                0x000000000800200a                uxListRemove
 .text.prvTaskExitError
                0x000000000800202a       0x12 rtos/port.o
 .text.prvPortStartFirstTask
                0x000000000800203c       0x20 rtos/port.o
 .text.pxPortInitialiseStack
                0x000000000800205c       0x24 rtos/port.o
                0x000000000800205c                pxPortInitialiseStack
 .text.vPortSVCHandler
                0x0000000008002080       0x24 rtos/port.o
                0x0000000008002080                vPortSVCHandler
 .text.vPortEnterCritical
                0x00000000080020a4       0x20 rtos/port.o
                0x00000000080020a4                vPortEnterCritical
 .text.vPortExitCritical
                0x00000000080020c4       0x14 rtos/port.o
                0x00000000080020c4                vPortExitCritical
 *fill*         0x00000000080020d8        0x8 
 .text.xPortPendSVHandler
                0x00000000080020e0       0x44 rtos/port.o
                0x00000000080020e0                xPortPendSVHandler
 .text.xPortSysTickHandler
                0x0000000008002124       0x2c rtos/port.o
                0x0000000008002124                xPortSysTickHandler
 .text.vPortSetupTimerInterrupt
                0x0000000008002150       0x14 rtos/port.o
                0x0000000008002150                vPortSetupTimerInterrupt
 .text.xPortStartScheduler
                0x0000000008002164       0x30 rtos/port.o
                0x0000000008002164                xPortStartScheduler
 .text.prvCopyDataToQueue
                0x0000000008002194       0x66 rtos/queue.o
 .text.prvCopyDataFromQueue
                0x00000000080021fa       0x28 rtos/queue.o
 .text.prvUnlockQueue
                0x0000000008002222       0x70 rtos/queue.o
 *fill*         0x0000000008002292        0x2 
 .text.xQueueGenericReset
                0x0000000008002294       0x6c rtos/queue.o
                0x0000000008002294                xQueueGenericReset
 .text.xQueueGenericCreate
                0x0000000008002300       0x34 rtos/queue.o
                0x0000000008002300                xQueueGenericCreate
 .text.xQueueGenericSend
                0x0000000008002334       0xf4 rtos/queue.o
                0x0000000008002334                xQueueGenericSend
 .text.xQueueGenericSendFromISR
                0x0000000008002428       0x68 rtos/queue.o
                0x0000000008002428                xQueueGenericSendFromISR
 .text.xQueueGenericReceive
                0x0000000008002490      0x134 rtos/queue.o
                0x0000000008002490                xQueueGenericReceive
 .text.uxQueueSpacesAvailable
                0x00000000080025c4       0x16 rtos/queue.o
                0x00000000080025c4                uxQueueSpacesAvailable
 .text.vQueueWaitForMessageRestricted
                0x00000000080025da       0x46 rtos/queue.o
                0x00000000080025da                vQueueWaitForMessageRestricted
 .text.prvResetNextTaskUnblockTime
                0x0000000008002620       0x24 rtos/tasks.o
 .text.prvAddCurrentTaskToDelayedList.isra.2
                0x0000000008002644       0x74 rtos/tasks.o
 .text.xTaskCreate
                0x00000000080026b8      0x1c4 rtos/tasks.o
                0x00000000080026b8                xTaskCreate
 .text.vTaskStartScheduler
                0x000000000800287c       0x68 rtos/tasks.o
                0x000000000800287c                vTaskStartScheduler
 .text.vTaskSuspendAll
                0x00000000080028e4       0x10 rtos/tasks.o
                0x00000000080028e4                vTaskSuspendAll
 .text.xTaskGetTickCount
                0x00000000080028f4        0xc rtos/tasks.o
                0x00000000080028f4                xTaskGetTickCount
 .text.xTaskIncrementTick
                0x0000000008002900      0x10c rtos/tasks.o
                0x0000000008002900                xTaskIncrementTick
 .text.xTaskResumeAll
                0x0000000008002a0c       0xd8 rtos/tasks.o
                0x0000000008002a0c                xTaskResumeAll
 .text.vTaskDelay
                0x0000000008002ae4       0x2c rtos/tasks.o
                0x0000000008002ae4                vTaskDelay
 .text.prvIdleTask
                0x0000000008002b10       0x74 rtos/tasks.o
 .text.vTaskSwitchContext
                0x0000000008002b84       0x60 rtos/tasks.o
                0x0000000008002b84                vTaskSwitchContext
 .text.vTaskPlaceOnEventList
                0x0000000008002be4       0x1c rtos/tasks.o
                0x0000000008002be4                vTaskPlaceOnEventList
 .text.vTaskPlaceOnUnorderedEventList
                0x0000000008002c00       0x24 rtos/tasks.o
                0x0000000008002c00                vTaskPlaceOnUnorderedEventList
 .text.vTaskPlaceOnEventListRestricted
                0x0000000008002c24       0x28 rtos/tasks.o
                0x0000000008002c24                vTaskPlaceOnEventListRestricted
 .text.xTaskRemoveFromEventList
                0x0000000008002c4c       0x70 rtos/tasks.o
                0x0000000008002c4c                xTaskRemoveFromEventList
 .text.xTaskRemoveFromUnorderedEventList
                0x0000000008002cbc       0x5c rtos/tasks.o
                0x0000000008002cbc                xTaskRemoveFromUnorderedEventList
 .text.vTaskSetTimeOutState
                0x0000000008002d18       0x18 rtos/tasks.o
                0x0000000008002d18                vTaskSetTimeOutState
 .text.xTaskCheckForTimeOut
                0x0000000008002d30       0x48 rtos/tasks.o
                0x0000000008002d30                xTaskCheckForTimeOut
 .text.vTaskMissedYield
                0x0000000008002d78        0xc rtos/tasks.o
                0x0000000008002d78                vTaskMissedYield
 .text.xTaskGetSchedulerState
                0x0000000008002d84       0x20 rtos/tasks.o
                0x0000000008002d84                xTaskGetSchedulerState
 .text.vTaskPriorityInherit
                0x0000000008002da4       0x90 rtos/tasks.o
                0x0000000008002da4                vTaskPriorityInherit
 .text.xTaskPriorityDisinherit
                0x0000000008002e34       0x70 rtos/tasks.o
                0x0000000008002e34                xTaskPriorityDisinherit
 .text.uxTaskResetEventItemValue
                0x0000000008002ea4       0x18 rtos/tasks.o
                0x0000000008002ea4                uxTaskResetEventItemValue
 .text.pvTaskIncrementMutexHeldCount
                0x0000000008002ebc       0x18 rtos/tasks.o
                0x0000000008002ebc                pvTaskIncrementMutexHeldCount
 .text.ulTaskNotifyTake
                0x0000000008002ed4       0x64 rtos/tasks.o
                0x0000000008002ed4                ulTaskNotifyTake
 .text.xTaskGenericNotify
                0x0000000008002f38       0xa4 rtos/tasks.o
                0x0000000008002f38                xTaskGenericNotify
 .text.vTaskNotifyGiveFromISR
                0x0000000008002fdc       0x9c rtos/tasks.o
                0x0000000008002fdc                vTaskNotifyGiveFromISR
 .text.sv_call_handler
                0x0000000008003078        0x4 rtos/opencm3.o
                0x0000000008003078                sv_call_handler
 .text.pend_sv_handler
                0x000000000800307c        0x4 rtos/opencm3.o
                0x000000000800307c                pend_sv_handler
 .text.sys_tick_handler
                0x0000000008003080        0x4 rtos/opencm3.o
                0x0000000008003080                sys_tick_handler
 .text.mini_write
                0x0000000008003084       0x16 src/miniprintf.o
 .text.mini_pad
                0x000000000800309a       0x24 src/miniprintf.o
 *fill*         0x00000000080030be        0x2 
 .text.internal_vprintf
                0x00000000080030c0      0x1c4 src/miniprintf.o
 .text.mini_putc
                0x0000000008003284       0x2a src/miniprintf.o
 *fill*         0x00000000080032ae        0x2 
 .text.mini_vprintf_cooked
                0x00000000080032b0       0x30 src/miniprintf.o
                0x00000000080032b0                mini_vprintf_cooked
 .text.prvCheckForValidListAndQueue
                0x00000000080032e0       0x4c rtos/timers.o
 .text.prvInsertTimerInActiveList
                0x000000000800332c       0x3c rtos/timers.o
 .text.xTimerCreateTimerTask
                0x0000000008003368       0x38 rtos/timers.o
                0x0000000008003368                xTimerCreateTimerTask
 .text.xTimerGenericCommand
                0x00000000080033a0       0x40 rtos/timers.o
                0x00000000080033a0                xTimerGenericCommand
 .text.prvSwitchTimerLists
                0x00000000080033e0       0x68 rtos/timers.o
 .text.prvTimerTask
                0x0000000008003448      0x194 rtos/timers.o
 .text.xTimerPendFunctionCallFromISR
                0x00000000080035dc       0x28 rtos/timers.o
                0x00000000080035dc                xTimerPendFunctionCallFromISR
 .text.xEventGroupCreate
                0x0000000008003604       0x1a rtos/event_groups.o
                0x0000000008003604                xEventGroupCreate
 *fill*         0x000000000800361e        0x2 
 .text.xEventGroupWaitBits
                0x0000000008003620       0xb0 rtos/event_groups.o
                0x0000000008003620                xEventGroupWaitBits
 .text.xEventGroupClearBits
                0x00000000080036d0       0x1a rtos/event_groups.o
                0x00000000080036d0                xEventGroupClearBits
 .text.xEventGroupSetBits
                0x00000000080036ea       0x58 rtos/event_groups.o
                0x00000000080036ea                xEventGroupSetBits
 .text.vEventGroupSetBitsCallback
                0x0000000008003742        0x4 rtos/event_groups.o
                0x0000000008003742                vEventGroupSetBitsCallback
 *fill*         0x0000000008003746        0x2 
 .text          0x0000000008003748       0xec /usr/lib/gcc/arm-none-eabi/6.3.1/../../../arm-none-eabi/lib/thumb/v7-m/libc.a(lib_a-memcpy.o)
                0x0000000008003748                memcpy
 .text          0x0000000008003834       0x9c /usr/lib/gcc/arm-none-eabi/6.3.1/../../../arm-none-eabi/lib/thumb/v7-m/libc.a(lib_a-memset.o)
                0x0000000008003834                memset
 .text          0x00000000080038d0       0x5c /usr/lib/gcc/arm-none-eabi/6.3.1/../../../arm-none-eabi/lib/thumb/v7-m/libc.a(lib_a-strlen-stub.o)
                0x00000000080038d0                strlen
 .text.exti_set_trigger
                0x000000000800392c       0x48 /mnt/c/Users/migue/Desktop/Escuela/Embebidos/git_libro/stm32f103c8t6/libopencm3/lib/libopencm3_stm32f1.a(exti_common_all.o)
                0x000000000800392c                exti_set_trigger
 .text.exti_enable_request
                0x0000000008003974       0x1c /mnt/c/Users/migue/Desktop/Escuela/Embebidos/git_libro/stm32f103c8t6/libopencm3/lib/libopencm3_stm32f1.a(exti_common_all.o)
                0x0000000008003974                exti_enable_request
 .text.exti_disable_request
                0x0000000008003990       0x1c /mnt/c/Users/migue/Desktop/Escuela/Embebidos/git_libro/stm32f103c8t6/libopencm3/lib/libopencm3_stm32f1.a(exti_common_all.o)
                0x0000000008003990                exti_disable_request
 .text.exti_reset_request
                0x00000000080039ac        0xc /mnt/c/Users/migue/Desktop/Escuela/Embebidos/git_libro/stm32f103c8t6/libopencm3/lib/libopencm3_stm32f1.a(exti_common_all.o)
                0x00000000080039ac                exti_reset_request
 .text.exti_select_source
                0x00000000080039b8       0xa0 /mnt/c/Users/migue/Desktop/Escuela/Embebidos/git_libro/stm32f103c8t6/libopencm3/lib/libopencm3_stm32f1.a(exti_common_all.o)
                0x00000000080039b8                exti_select_source
 .text.gpio_set_mode
                0x0000000008003a58       0x62 /mnt/c/Users/migue/Desktop/Escuela/Embebidos/git_libro/stm32f103c8t6/libopencm3/lib/libopencm3_stm32f1.a(gpio.o)
                0x0000000008003a58                gpio_set_mode
 *fill*         0x0000000008003aba        0x2 
 .text.gpio_primary_remap
                0x0000000008003abc       0x14 /mnt/c/Users/migue/Desktop/Escuela/Embebidos/git_libro/stm32f103c8t6/libopencm3/lib/libopencm3_stm32f1.a(gpio.o)
                0x0000000008003abc                gpio_primary_remap
 .text.gpio_set
                0x0000000008003ad0        0x4 /mnt/c/Users/migue/Desktop/Escuela/Embebidos/git_libro/stm32f103c8t6/libopencm3/lib/libopencm3_stm32f1.a(gpio_common_all.o)
                0x0000000008003ad0                gpio_set
 .text.gpio_clear
                0x0000000008003ad4        0x6 /mnt/c/Users/migue/Desktop/Escuela/Embebidos/git_libro/stm32f103c8t6/libopencm3/lib/libopencm3_stm32f1.a(gpio_common_all.o)
                0x0000000008003ad4                gpio_clear
 .text.gpio_toggle
                0x0000000008003ada       0x12 /mnt/c/Users/migue/Desktop/Escuela/Embebidos/git_libro/stm32f103c8t6/libopencm3/lib/libopencm3_stm32f1.a(gpio_common_all.o)
                0x0000000008003ada                gpio_toggle
 .text.i2c_reset
                0x0000000008003aec       0x24 /mnt/c/Users/migue/Desktop/Escuela/Embebidos/git_libro/stm32f103c8t6/libopencm3/lib/libopencm3_stm32f1.a(i2c_common_v1.o)
                0x0000000008003aec                i2c_reset
 .text.i2c_peripheral_enable
                0x0000000008003b10        0xa /mnt/c/Users/migue/Desktop/Escuela/Embebidos/git_libro/stm32f103c8t6/libopencm3/lib/libopencm3_stm32f1.a(i2c_common_v1.o)
                0x0000000008003b10                i2c_peripheral_enable
 .text.i2c_peripheral_disable
                0x0000000008003b1a        0xa /mnt/c/Users/migue/Desktop/Escuela/Embebidos/git_libro/stm32f103c8t6/libopencm3/lib/libopencm3_stm32f1.a(i2c_common_v1.o)
                0x0000000008003b1a                i2c_peripheral_disable
 .text.i2c_send_start
                0x0000000008003b24        0xa /mnt/c/Users/migue/Desktop/Escuela/Embebidos/git_libro/stm32f103c8t6/libopencm3/lib/libopencm3_stm32f1.a(i2c_common_v1.o)
                0x0000000008003b24                i2c_send_start
 .text.i2c_send_stop
                0x0000000008003b2e        0xa /mnt/c/Users/migue/Desktop/Escuela/Embebidos/git_libro/stm32f103c8t6/libopencm3/lib/libopencm3_stm32f1.a(i2c_common_v1.o)
                0x0000000008003b2e                i2c_send_stop
 .text.i2c_clear_stop
                0x0000000008003b38        0xa /mnt/c/Users/migue/Desktop/Escuela/Embebidos/git_libro/stm32f103c8t6/libopencm3/lib/libopencm3_stm32f1.a(i2c_common_v1.o)
                0x0000000008003b38                i2c_clear_stop
 .text.i2c_set_own_7bit_slave_address
                0x0000000008003b42        0xa /mnt/c/Users/migue/Desktop/Escuela/Embebidos/git_libro/stm32f103c8t6/libopencm3/lib/libopencm3_stm32f1.a(i2c_common_v1.o)
                0x0000000008003b42                i2c_set_own_7bit_slave_address
 .text.i2c_set_clock_frequency
                0x0000000008003b4c        0xe /mnt/c/Users/migue/Desktop/Escuela/Embebidos/git_libro/stm32f103c8t6/libopencm3/lib/libopencm3_stm32f1.a(i2c_common_v1.o)
                0x0000000008003b4c                i2c_set_clock_frequency
 .text.i2c_send_data
                0x0000000008003b5a        0x4 /mnt/c/Users/migue/Desktop/Escuela/Embebidos/git_libro/stm32f103c8t6/libopencm3/lib/libopencm3_stm32f1.a(i2c_common_v1.o)
                0x0000000008003b5a                i2c_send_data
 .text.i2c_set_standard_mode
                0x0000000008003b5e        0xa /mnt/c/Users/migue/Desktop/Escuela/Embebidos/git_libro/stm32f103c8t6/libopencm3/lib/libopencm3_stm32f1.a(i2c_common_v1.o)
                0x0000000008003b5e                i2c_set_standard_mode
 .text.i2c_set_ccr
                0x0000000008003b68        0xc /mnt/c/Users/migue/Desktop/Escuela/Embebidos/git_libro/stm32f103c8t6/libopencm3/lib/libopencm3_stm32f1.a(i2c_common_v1.o)
                0x0000000008003b68                i2c_set_ccr
 .text.i2c_set_trise
                0x0000000008003b74        0x4 /mnt/c/Users/migue/Desktop/Escuela/Embebidos/git_libro/stm32f103c8t6/libopencm3/lib/libopencm3_stm32f1.a(i2c_common_v1.o)
                0x0000000008003b74                i2c_set_trise
 .text.i2c_send_7bit_address
                0x0000000008003b78        0xa /mnt/c/Users/migue/Desktop/Escuela/Embebidos/git_libro/stm32f103c8t6/libopencm3/lib/libopencm3_stm32f1.a(i2c_common_v1.o)
                0x0000000008003b78                i2c_send_7bit_address
 .text.i2c_get_data
                0x0000000008003b82        0x6 /mnt/c/Users/migue/Desktop/Escuela/Embebidos/git_libro/stm32f103c8t6/libopencm3/lib/libopencm3_stm32f1.a(i2c_common_v1.o)
                0x0000000008003b82                i2c_get_data
 .text.i2c_enable_ack
                0x0000000008003b88        0xa /mnt/c/Users/migue/Desktop/Escuela/Embebidos/git_libro/stm32f103c8t6/libopencm3/lib/libopencm3_stm32f1.a(i2c_common_v1.o)
                0x0000000008003b88                i2c_enable_ack
 .text.i2c_disable_ack
                0x0000000008003b92        0xa /mnt/c/Users/migue/Desktop/Escuela/Embebidos/git_libro/stm32f103c8t6/libopencm3/lib/libopencm3_stm32f1.a(i2c_common_v1.o)
                0x0000000008003b92                i2c_disable_ack
 .text.i2c_set_dutycycle
                0x0000000008003b9c       0x12 /mnt/c/Users/migue/Desktop/Escuela/Embebidos/git_libro/stm32f103c8t6/libopencm3/lib/libopencm3_stm32f1.a(i2c_common_v1.o)
                0x0000000008003b9c                i2c_set_dutycycle
 *fill*         0x0000000008003bae        0x2 
 .text.rcc_osc_on.part.1
                0x0000000008003bb0       0x10 /mnt/c/Users/migue/Desktop/Escuela/Embebidos/git_libro/stm32f103c8t6/libopencm3/lib/libopencm3_stm32f1.a(rcc.o)
 .text.rcc_is_osc_ready
                0x0000000008003bc0       0x5c /mnt/c/Users/migue/Desktop/Escuela/Embebidos/git_libro/stm32f103c8t6/libopencm3/lib/libopencm3_stm32f1.a(rcc.o)
                0x0000000008003bc0                rcc_is_osc_ready
 .text.rcc_wait_for_osc_ready
                0x0000000008003c1c       0x10 /mnt/c/Users/migue/Desktop/Escuela/Embebidos/git_libro/stm32f103c8t6/libopencm3/lib/libopencm3_stm32f1.a(rcc.o)
                0x0000000008003c1c                rcc_wait_for_osc_ready
 .text.rcc_osc_on
                0x0000000008003c2c       0x54 /mnt/c/Users/migue/Desktop/Escuela/Embebidos/git_libro/stm32f103c8t6/libopencm3/lib/libopencm3_stm32f1.a(rcc.o)
                0x0000000008003c2c                rcc_osc_on
 .text.rcc_set_sysclk_source
                0x0000000008003c80       0x14 /mnt/c/Users/migue/Desktop/Escuela/Embebidos/git_libro/stm32f103c8t6/libopencm3/lib/libopencm3_stm32f1.a(rcc.o)
                0x0000000008003c80                rcc_set_sysclk_source
 .text.rcc_set_pll_multiplication_factor
                0x0000000008003c94       0x14 /mnt/c/Users/migue/Desktop/Escuela/Embebidos/git_libro/stm32f103c8t6/libopencm3/lib/libopencm3_stm32f1.a(rcc.o)
                0x0000000008003c94                rcc_set_pll_multiplication_factor
 .text.rcc_set_pll_source
                0x0000000008003ca8       0x14 /mnt/c/Users/migue/Desktop/Escuela/Embebidos/git_libro/stm32f103c8t6/libopencm3/lib/libopencm3_stm32f1.a(rcc.o)
                0x0000000008003ca8                rcc_set_pll_source
 .text.rcc_set_pllxtpre
                0x0000000008003cbc       0x14 /mnt/c/Users/migue/Desktop/Escuela/Embebidos/git_libro/stm32f103c8t6/libopencm3/lib/libopencm3_stm32f1.a(rcc.o)
                0x0000000008003cbc                rcc_set_pllxtpre
 .text.rcc_set_adcpre
                0x0000000008003cd0       0x14 /mnt/c/Users/migue/Desktop/Escuela/Embebidos/git_libro/stm32f103c8t6/libopencm3/lib/libopencm3_stm32f1.a(rcc.o)
                0x0000000008003cd0                rcc_set_adcpre
 .text.rcc_set_ppre2
                0x0000000008003ce4       0x14 /mnt/c/Users/migue/Desktop/Escuela/Embebidos/git_libro/stm32f103c8t6/libopencm3/lib/libopencm3_stm32f1.a(rcc.o)
                0x0000000008003ce4                rcc_set_ppre2
 .text.rcc_set_ppre1
                0x0000000008003cf8       0x14 /mnt/c/Users/migue/Desktop/Escuela/Embebidos/git_libro/stm32f103c8t6/libopencm3/lib/libopencm3_stm32f1.a(rcc.o)
                0x0000000008003cf8                rcc_set_ppre1
 .text.rcc_set_hpre
                0x0000000008003d0c       0x14 /mnt/c/Users/migue/Desktop/Escuela/Embebidos/git_libro/stm32f103c8t6/libopencm3/lib/libopencm3_stm32f1.a(rcc.o)
                0x0000000008003d0c                rcc_set_hpre
 .text.rcc_clock_setup_in_hse_8mhz_out_72mhz
                0x0000000008003d20       0x8c /mnt/c/Users/migue/Desktop/Escuela/Embebidos/git_libro/stm32f103c8t6/libopencm3/lib/libopencm3_stm32f1.a(rcc.o)
                0x0000000008003d20                rcc_clock_setup_in_hse_8mhz_out_72mhz
 .text.rcc_periph_clock_enable
                0x0000000008003dac       0x1a /mnt/c/Users/migue/Desktop/Escuela/Embebidos/git_libro/stm32f103c8t6/libopencm3/lib/libopencm3_stm32f1.a(rcc_common_all.o)
                0x0000000008003dac                rcc_periph_clock_enable
 .text.rcc_periph_reset_pulse
                0x0000000008003dc6       0x22 /mnt/c/Users/migue/Desktop/Escuela/Embebidos/git_libro/stm32f103c8t6/libopencm3/lib/libopencm3_stm32f1.a(rcc_common_all.o)
                0x0000000008003dc6                rcc_periph_reset_pulse
 .text.timer_enable_irq
                0x0000000008003de8        0x8 /mnt/c/Users/migue/Desktop/Escuela/Embebidos/git_libro/stm32f103c8t6/libopencm3/lib/libopencm3_stm32f1.a(timer_common_all.o)
                0x0000000008003de8                timer_enable_irq
 .text.timer_disable_irq
                0x0000000008003df0        0xa /mnt/c/Users/migue/Desktop/Escuela/Embebidos/git_libro/stm32f103c8t6/libopencm3/lib/libopencm3_stm32f1.a(timer_common_all.o)
                0x0000000008003df0                timer_disable_irq
 .text.timer_get_flag
                0x0000000008003dfa        0xc /mnt/c/Users/migue/Desktop/Escuela/Embebidos/git_libro/stm32f103c8t6/libopencm3/lib/libopencm3_stm32f1.a(timer_common_all.o)
                0x0000000008003dfa                timer_get_flag
 .text.timer_clear_flag
                0x0000000008003e06        0x6 /mnt/c/Users/migue/Desktop/Escuela/Embebidos/git_libro/stm32f103c8t6/libopencm3/lib/libopencm3_stm32f1.a(timer_common_all.o)
                0x0000000008003e06                timer_clear_flag
 .text.timer_set_mode
                0x0000000008003e0c       0x12 /mnt/c/Users/migue/Desktop/Escuela/Embebidos/git_libro/stm32f103c8t6/libopencm3/lib/libopencm3_stm32f1.a(timer_common_all.o)
                0x0000000008003e0c                timer_set_mode
 .text.timer_enable_preload
                0x0000000008003e1e        0xa /mnt/c/Users/migue/Desktop/Escuela/Embebidos/git_libro/stm32f103c8t6/libopencm3/lib/libopencm3_stm32f1.a(timer_common_all.o)
                0x0000000008003e1e                timer_enable_preload
 .text.timer_continuous_mode
                0x0000000008003e28        0xa /mnt/c/Users/migue/Desktop/Escuela/Embebidos/git_libro/stm32f103c8t6/libopencm3/lib/libopencm3_stm32f1.a(timer_common_all.o)
                0x0000000008003e28                timer_continuous_mode
 .text.timer_enable_counter
                0x0000000008003e32        0xa /mnt/c/Users/migue/Desktop/Escuela/Embebidos/git_libro/stm32f103c8t6/libopencm3/lib/libopencm3_stm32f1.a(timer_common_all.o)
                0x0000000008003e32                timer_enable_counter
 .text.timer_disable_counter
                0x0000000008003e3c        0xa /mnt/c/Users/migue/Desktop/Escuela/Embebidos/git_libro/stm32f103c8t6/libopencm3/lib/libopencm3_stm32f1.a(timer_common_all.o)
                0x0000000008003e3c                timer_disable_counter
 .text.timer_set_prescaler
                0x0000000008003e46        0x4 /mnt/c/Users/migue/Desktop/Escuela/Embebidos/git_libro/stm32f103c8t6/libopencm3/lib/libopencm3_stm32f1.a(timer_common_all.o)
                0x0000000008003e46                timer_set_prescaler
 .text.timer_set_period
                0x0000000008003e4a        0x4 /mnt/c/Users/migue/Desktop/Escuela/Embebidos/git_libro/stm32f103c8t6/libopencm3/lib/libopencm3_stm32f1.a(timer_common_all.o)
                0x0000000008003e4a                timer_set_period
 .text.timer_set_oc_mode
                0x0000000008003e4e      0x18c /mnt/c/Users/migue/Desktop/Escuela/Embebidos/git_libro/stm32f103c8t6/libopencm3/lib/libopencm3_stm32f1.a(timer_common_all.o)
                0x0000000008003e4e                timer_set_oc_mode
 .text.timer_enable_oc_preload
                0x0000000008003fda       0x34 /mnt/c/Users/migue/Desktop/Escuela/Embebidos/git_libro/stm32f103c8t6/libopencm3/lib/libopencm3_stm32f1.a(timer_common_all.o)
                0x0000000008003fda                timer_enable_oc_preload
 .text.timer_enable_oc_output
                0x000000000800400e       0x4a /mnt/c/Users/migue/Desktop/Escuela/Embebidos/git_libro/stm32f103c8t6/libopencm3/lib/libopencm3_stm32f1.a(timer_common_all.o)
                0x000000000800400e                timer_enable_oc_output
 .text.timer_disable_oc_output
                0x0000000008004058       0x4a /mnt/c/Users/migue/Desktop/Escuela/Embebidos/git_libro/stm32f103c8t6/libopencm3/lib/libopencm3_stm32f1.a(timer_common_all.o)
                0x0000000008004058                timer_disable_oc_output
 .text.timer_set_oc_value
                0x00000000080040a2       0x20 /mnt/c/Users/migue/Desktop/Escuela/Embebidos/git_libro/stm32f103c8t6/libopencm3/lib/libopencm3_stm32f1.a(timer_common_all.o)
                0x00000000080040a2                timer_set_oc_value
 .text.timer_enable_break_main_output
                0x00000000080040c2        0xa /mnt/c/Users/migue/Desktop/Escuela/Embebidos/git_libro/stm32f103c8t6/libopencm3/lib/libopencm3_stm32f1.a(timer_common_all.o)
                0x00000000080040c2                timer_enable_break_main_output
 .text.usbd_init
                0x00000000080040cc       0x58 /mnt/c/Users/migue/Desktop/Escuela/Embebidos/git_libro/stm32f103c8t6/libopencm3/lib/libopencm3_stm32f1.a(usb.o)
                0x00000000080040cc                usbd_init
 .text.usbd_poll
                0x0000000008004124        0x8 /mnt/c/Users/migue/Desktop/Escuela/Embebidos/git_libro/stm32f103c8t6/libopencm3/lib/libopencm3_stm32f1.a(usb.o)
                0x0000000008004124                usbd_poll
 .text.usbd_ep_setup
                0x000000000800412c        0xe /mnt/c/Users/migue/Desktop/Escuela/Embebidos/git_libro/stm32f103c8t6/libopencm3/lib/libopencm3_stm32f1.a(usb.o)
                0x000000000800412c                usbd_ep_setup
 .text._usbd_reset
                0x000000000800413a       0x34 /mnt/c/Users/migue/Desktop/Escuela/Embebidos/git_libro/stm32f103c8t6/libopencm3/lib/libopencm3_stm32f1.a(usb.o)
                0x000000000800413a                _usbd_reset
 .text.usbd_ep_write_packet
                0x000000000800416e        0xe /mnt/c/Users/migue/Desktop/Escuela/Embebidos/git_libro/stm32f103c8t6/libopencm3/lib/libopencm3_stm32f1.a(usb.o)
                0x000000000800416e                usbd_ep_write_packet
 .text.usbd_ep_read_packet
                0x000000000800417c        0xe /mnt/c/Users/migue/Desktop/Escuela/Embebidos/git_libro/stm32f103c8t6/libopencm3/lib/libopencm3_stm32f1.a(usb.o)
                0x000000000800417c                usbd_ep_read_packet
 .text.usbd_ep_stall_set
                0x000000000800418a        0x8 /mnt/c/Users/migue/Desktop/Escuela/Embebidos/git_libro/stm32f103c8t6/libopencm3/lib/libopencm3_stm32f1.a(usb.o)
                0x000000000800418a                usbd_ep_stall_set
 .text.usbd_ep_stall_get
                0x0000000008004192        0x8 /mnt/c/Users/migue/Desktop/Escuela/Embebidos/git_libro/stm32f103c8t6/libopencm3/lib/libopencm3_stm32f1.a(usb.o)
                0x0000000008004192                usbd_ep_stall_get
 .text.usbd_ep_nak_set
                0x000000000800419a        0x8 /mnt/c/Users/migue/Desktop/Escuela/Embebidos/git_libro/stm32f103c8t6/libopencm3/lib/libopencm3_stm32f1.a(usb.o)
                0x000000000800419a                usbd_ep_nak_set
 .text.usb_control_send_chunk
                0x00000000080041a2       0x54 /mnt/c/Users/migue/Desktop/Escuela/Embebidos/git_libro/stm32f103c8t6/libopencm3/lib/libopencm3_stm32f1.a(usb_control.o)
 .text.usb_control_request_dispatch
                0x00000000080041f6       0x62 /mnt/c/Users/migue/Desktop/Escuela/Embebidos/git_libro/stm32f103c8t6/libopencm3/lib/libopencm3_stm32f1.a(usb_control.o)
 .text.stall_transaction
                0x0000000008004258       0x14 /mnt/c/Users/migue/Desktop/Escuela/Embebidos/git_libro/stm32f103c8t6/libopencm3/lib/libopencm3_stm32f1.a(usb_control.o)
 .text.usb_control_recv_chunk
                0x000000000800426c       0x3c /mnt/c/Users/migue/Desktop/Escuela/Embebidos/git_libro/stm32f103c8t6/libopencm3/lib/libopencm3_stm32f1.a(usb_control.o)
 .text.usb_control_setup_read
                0x00000000080042a8       0x6a /mnt/c/Users/migue/Desktop/Escuela/Embebidos/git_libro/stm32f103c8t6/libopencm3/lib/libopencm3_stm32f1.a(usb_control.o)
 .text.usbd_register_control_callback
                0x0000000008004312       0x26 /mnt/c/Users/migue/Desktop/Escuela/Embebidos/git_libro/stm32f103c8t6/libopencm3/lib/libopencm3_stm32f1.a(usb_control.o)
                0x0000000008004312                usbd_register_control_callback
 .text._usbd_control_setup
                0x0000000008004338       0x60 /mnt/c/Users/migue/Desktop/Escuela/Embebidos/git_libro/stm32f103c8t6/libopencm3/lib/libopencm3_stm32f1.a(usb_control.o)
                0x0000000008004338                _usbd_control_setup
 .text._usbd_control_out
                0x0000000008004398       0x84 /mnt/c/Users/migue/Desktop/Escuela/Embebidos/git_libro/stm32f103c8t6/libopencm3/lib/libopencm3_stm32f1.a(usb_control.o)
                0x0000000008004398                _usbd_control_out
 .text._usbd_control_in
                0x000000000800441c       0x64 /mnt/c/Users/migue/Desktop/Escuela/Embebidos/git_libro/stm32f103c8t6/libopencm3/lib/libopencm3_stm32f1.a(usb_control.o)
                0x000000000800441c                _usbd_control_in
 .text.usb_standard_set_configuration
                0x0000000008004480       0x92 /mnt/c/Users/migue/Desktop/Escuela/Embebidos/git_libro/stm32f103c8t6/libopencm3/lib/libopencm3_stm32f1.a(usb_standard.o)
 .text.usb_standard_get_configuration
                0x0000000008004512       0x22 /mnt/c/Users/migue/Desktop/Escuela/Embebidos/git_libro/stm32f103c8t6/libopencm3/lib/libopencm3_stm32f1.a(usb_standard.o)
 .text.usb_standard_get_interface
                0x0000000008004534       0x34 /mnt/c/Users/migue/Desktop/Escuela/Embebidos/git_libro/stm32f103c8t6/libopencm3/lib/libopencm3_stm32f1.a(usb_standard.o)
 .text.usb_standard_interface_get_status
                0x0000000008004568       0x18 /mnt/c/Users/migue/Desktop/Escuela/Embebidos/git_libro/stm32f103c8t6/libopencm3/lib/libopencm3_stm32f1.a(usb_standard.o)
 .text.usb_standard_endpoint_get_status
                0x0000000008004580       0x2a /mnt/c/Users/migue/Desktop/Escuela/Embebidos/git_libro/stm32f103c8t6/libopencm3/lib/libopencm3_stm32f1.a(usb_standard.o)
 .text.usb_standard_endpoint_stall
                0x00000000080045aa       0x10 /mnt/c/Users/migue/Desktop/Escuela/Embebidos/git_libro/stm32f103c8t6/libopencm3/lib/libopencm3_stm32f1.a(usb_standard.o)
 .text.usb_standard_endpoint_unstall
                0x00000000080045ba       0x10 /mnt/c/Users/migue/Desktop/Escuela/Embebidos/git_libro/stm32f103c8t6/libopencm3/lib/libopencm3_stm32f1.a(usb_standard.o)
 .text.usb_standard_set_address
                0x00000000080045ca       0x28 /mnt/c/Users/migue/Desktop/Escuela/Embebidos/git_libro/stm32f103c8t6/libopencm3/lib/libopencm3_stm32f1.a(usb_standard.o)
 .text.usb_standard_set_interface
                0x00000000080045f2       0x4a /mnt/c/Users/migue/Desktop/Escuela/Embebidos/git_libro/stm32f103c8t6/libopencm3/lib/libopencm3_stm32f1.a(usb_standard.o)
 .text.usb_standard_get_descriptor
                0x000000000800463c      0x258 /mnt/c/Users/migue/Desktop/Escuela/Embebidos/git_libro/stm32f103c8t6/libopencm3/lib/libopencm3_stm32f1.a(usb_standard.o)
 .text.usb_standard_device_get_status
                0x0000000008004894       0x18 /mnt/c/Users/migue/Desktop/Escuela/Embebidos/git_libro/stm32f103c8t6/libopencm3/lib/libopencm3_stm32f1.a(usb_standard.o)
 .text.usbd_register_set_config_callback
                0x00000000080048ac       0x28 /mnt/c/Users/migue/Desktop/Escuela/Embebidos/git_libro/stm32f103c8t6/libopencm3/lib/libopencm3_stm32f1.a(usb_standard.o)
                0x00000000080048ac                usbd_register_set_config_callback
 .text._usbd_standard_request_device
                0x00000000080048d4       0x20 /mnt/c/Users/migue/Desktop/Escuela/Embebidos/git_libro/stm32f103c8t6/libopencm3/lib/libopencm3_stm32f1.a(usb_standard.o)
                0x00000000080048d4                _usbd_standard_request_device
 .text._usbd_standard_request_interface
                0x00000000080048f4       0x20 /mnt/c/Users/migue/Desktop/Escuela/Embebidos/git_libro/stm32f103c8t6/libopencm3/lib/libopencm3_stm32f1.a(usb_standard.o)
                0x00000000080048f4                _usbd_standard_request_interface
 .text._usbd_standard_request_endpoint
                0x0000000008004914       0x3c /mnt/c/Users/migue/Desktop/Escuela/Embebidos/git_libro/stm32f103c8t6/libopencm3/lib/libopencm3_stm32f1.a(usb_standard.o)
                0x0000000008004914                _usbd_standard_request_endpoint
 .text._usbd_standard_request
                0x0000000008004950       0x30 /mnt/c/Users/migue/Desktop/Escuela/Embebidos/git_libro/stm32f103c8t6/libopencm3/lib/libopencm3_stm32f1.a(usb_standard.o)
                0x0000000008004950                _usbd_standard_request
 .text.st_usbfs_v1_usbd_init
                0x0000000008004980       0x30 /mnt/c/Users/migue/Desktop/Escuela/Embebidos/git_libro/stm32f103c8t6/libopencm3/lib/libopencm3_stm32f1.a(st_usbfs_v1.o)
 .text.st_usbfs_copy_to_pm
                0x00000000080049b0       0x1a /mnt/c/Users/migue/Desktop/Escuela/Embebidos/git_libro/stm32f103c8t6/libopencm3/lib/libopencm3_stm32f1.a(st_usbfs_v1.o)
                0x00000000080049b0                st_usbfs_copy_to_pm
 .text.st_usbfs_copy_from_pm
                0x00000000080049ca       0x2a /mnt/c/Users/migue/Desktop/Escuela/Embebidos/git_libro/stm32f103c8t6/libopencm3/lib/libopencm3_stm32f1.a(st_usbfs_v1.o)
                0x00000000080049ca                st_usbfs_copy_from_pm
 .text.blocking_handler
                0x00000000080049f4        0x2 /mnt/c/Users/migue/Desktop/Escuela/Embebidos/git_libro/stm32f103c8t6/libopencm3/lib/libopencm3_stm32f1.a(vector.o)
                0x00000000080049f4                usart3_isr
                0x00000000080049f4                rtc_isr
                0x00000000080049f4                tim7_isr
                0x00000000080049f4                adc1_2_isr
                0x00000000080049f4                tim1_trg_com_isr
                0x00000000080049f4                usb_hp_can_tx_isr
                0x00000000080049f4                tim6_isr
                0x00000000080049f4                usb_wakeup_isr
                0x00000000080049f4                blocking_handler
                0x00000000080049f4                tim5_isr
                0x00000000080049f4                otg_fs_isr
                0x00000000080049f4                spi1_isr
                0x00000000080049f4                dma1_channel6_isr
                0x00000000080049f4                can_rx1_isr
                0x00000000080049f4                dma1_channel5_isr
                0x00000000080049f4                dma2_channel5_isr
                0x00000000080049f4                usart1_isr
                0x00000000080049f4                usage_fault_handler
                0x00000000080049f4                tim8_trg_com_isr
                0x00000000080049f4                can2_rx0_isr
                0x00000000080049f4                tim1_brk_isr
                0x00000000080049f4                can2_rx1_isr
                0x00000000080049f4                tim1_cc_isr
                0x00000000080049f4                sdio_isr
                0x00000000080049f4                eth_isr
                0x00000000080049f4                dma1_channel4_isr
                0x00000000080049f4                tim8_brk_isr
                0x00000000080049f4                dma2_channel4_5_isr
                0x00000000080049f4                pvd_isr
                0x00000000080049f4                rcc_isr
                0x00000000080049f4                flash_isr
                0x00000000080049f4                uart4_isr
                0x00000000080049f4                rtc_alarm_isr
                0x00000000080049f4                exti15_10_isr
                0x00000000080049f4                hard_fault_handler
                0x00000000080049f4                i2c1_ev_isr
                0x00000000080049f4                dma2_channel1_isr
                0x00000000080049f4                spi2_isr
                0x00000000080049f4                tim8_up_isr
                0x00000000080049f4                dma2_channel2_isr
                0x00000000080049f4                adc3_isr
                0x00000000080049f4                tim3_isr
                0x00000000080049f4                usart2_isr
                0x00000000080049f4                usb_lp_can_rx0_isr
                0x00000000080049f4                i2c2_er_isr
                0x00000000080049f4                i2c2_ev_isr
                0x00000000080049f4                uart5_isr
                0x00000000080049f4                fsmc_isr
                0x00000000080049f4                dma1_channel1_isr
                0x00000000080049f4                exti4_isr
                0x00000000080049f4                mem_manage_handler
                0x00000000080049f4                can2_tx_isr
                0x00000000080049f4                exti9_5_isr
                0x00000000080049f4                dma2_channel3_isr
                0x00000000080049f4                dma1_channel7_isr
                0x00000000080049f4                tim1_up_isr
                0x00000000080049f4                can2_sce_isr
                0x00000000080049f4                tim4_isr
                0x00000000080049f4                dma1_channel2_isr
                0x00000000080049f4                i2c1_er_isr
                0x00000000080049f4                can_sce_isr
                0x00000000080049f4                tim8_cc_isr
                0x00000000080049f4                tamper_isr
                0x00000000080049f4                eth_wkup_isr
                0x00000000080049f4                bus_fault_handler
                0x00000000080049f4                wwdg_isr
                0x00000000080049f4                dma1_channel3_isr
                0x00000000080049f4                spi3_isr
 .text.null_handler
                0x00000000080049f6        0x2 /mnt/c/Users/migue/Desktop/Escuela/Embebidos/git_libro/stm32f103c8t6/libopencm3/lib/libopencm3_stm32f1.a(vector.o)
                0x00000000080049f6                null_handler
                0x00000000080049f6                debug_monitor_handler
                0x00000000080049f6                nmi_handler
 .text.reset_handler
                0x00000000080049f8       0x94 /mnt/c/Users/migue/Desktop/Escuela/Embebidos/git_libro/stm32f103c8t6/libopencm3/lib/libopencm3_stm32f1.a(vector.o)
                0x00000000080049f8                reset_handler
 .text.nvic_enable_irq
                0x0000000008004a8c       0x1a /mnt/c/Users/migue/Desktop/Escuela/Embebidos/git_libro/stm32f103c8t6/libopencm3/lib/libopencm3_stm32f1.a(nvic.o)
                0x0000000008004a8c                nvic_enable_irq
 *fill*         0x0000000008004aa6        0x2 
 .text.flash_set_ws
                0x0000000008004aa8       0x14 /mnt/c/Users/migue/Desktop/Escuela/Embebidos/git_libro/stm32f103c8t6/libopencm3/lib/libopencm3_stm32f1.a(flash_common_all.o)
                0x0000000008004aa8                flash_set_ws
 .text.st_usbfs_set_address
                0x0000000008004abc       0x10 /mnt/c/Users/migue/Desktop/Escuela/Embebidos/git_libro/stm32f103c8t6/libopencm3/lib/libopencm3_stm32f1.a(st_usbfs_core.o)
                0x0000000008004abc                st_usbfs_set_address
 .text.st_usbfs_set_ep_rx_bufsize
                0x0000000008004acc       0x3c /mnt/c/Users/migue/Desktop/Escuela/Embebidos/git_libro/stm32f103c8t6/libopencm3/lib/libopencm3_stm32f1.a(st_usbfs_core.o)
                0x0000000008004acc                st_usbfs_set_ep_rx_bufsize
 .text.st_usbfs_ep_setup
                0x0000000008004b08      0x12c /mnt/c/Users/migue/Desktop/Escuela/Embebidos/git_libro/stm32f103c8t6/libopencm3/lib/libopencm3_stm32f1.a(st_usbfs_core.o)
                0x0000000008004b08                st_usbfs_ep_setup
 .text.st_usbfs_endpoints_reset
                0x0000000008004c34       0x44 /mnt/c/Users/migue/Desktop/Escuela/Embebidos/git_libro/stm32f103c8t6/libopencm3/lib/libopencm3_stm32f1.a(st_usbfs_core.o)
                0x0000000008004c34                st_usbfs_endpoints_reset
 .text.st_usbfs_ep_stall_set
                0x0000000008004c78       0xc4 /mnt/c/Users/migue/Desktop/Escuela/Embebidos/git_libro/stm32f103c8t6/libopencm3/lib/libopencm3_stm32f1.a(st_usbfs_core.o)
                0x0000000008004c78                st_usbfs_ep_stall_set
 .text.st_usbfs_ep_stall_get
                0x0000000008004d3c       0x38 /mnt/c/Users/migue/Desktop/Escuela/Embebidos/git_libro/stm32f103c8t6/libopencm3/lib/libopencm3_stm32f1.a(st_usbfs_core.o)
                0x0000000008004d3c                st_usbfs_ep_stall_get
 .text.st_usbfs_ep_nak_set
                0x0000000008004d74       0x3c /mnt/c/Users/migue/Desktop/Escuela/Embebidos/git_libro/stm32f103c8t6/libopencm3/lib/libopencm3_stm32f1.a(st_usbfs_core.o)
                0x0000000008004d74                st_usbfs_ep_nak_set
 .text.st_usbfs_ep_write_packet
                0x0000000008004db0       0x7c /mnt/c/Users/migue/Desktop/Escuela/Embebidos/git_libro/stm32f103c8t6/libopencm3/lib/libopencm3_stm32f1.a(st_usbfs_core.o)
                0x0000000008004db0                st_usbfs_ep_write_packet
 .text.st_usbfs_ep_read_packet
                0x0000000008004e2c       0xa8 /mnt/c/Users/migue/Desktop/Escuela/Embebidos/git_libro/stm32f103c8t6/libopencm3/lib/libopencm3_stm32f1.a(st_usbfs_core.o)
                0x0000000008004e2c                st_usbfs_ep_read_packet
 .text.st_usbfs_poll
                0x0000000008004ed4       0xf8 /mnt/c/Users/migue/Desktop/Escuela/Embebidos/git_libro/stm32f103c8t6/libopencm3/lib/libopencm3_stm32f1.a(st_usbfs_core.o)
                0x0000000008004ed4                st_usbfs_poll
                0x0000000008004fcc                . = ALIGN (0x4)
 *(.rodata*)
 .rodata.debouncing.str1.1
                0x0000000008004fcc       0x9c src/smart_house.o
 .rodata.main.str1.1
                0x0000000008005068       0x17 src/smart_house.o
 .rodata.usb_serial.str1.1
                0x000000000800507f       0x38 src/smart_house.o
 .rodata.configure_th.str1.1
                0x00000000080050b7       0x55 src/smart_house_model.o
                                         0x57 (size before relaxing)
 .rodata.led_pwm_decrement_10_temperature.str1.1
                0x000000000800510c       0x1b src/smart_house_model.o
 .rodata.led_pwm_increment_10_temperature.str1.1
                0x0000000008005127       0x33 src/smart_house_model.o
 .rodata.send_status.str1.1
                0x000000000800515a       0x6e src/smart_house_model.o
 .rodata.set_led.str1.1
                0x00000000080051c8       0x2d src/smart_house_model.o
 .rodata.set_max_threshold.str1.1
                0x00000000080051f5       0x1b src/smart_house_model.o
 .rodata.set_min_threshold.str1.1
                0x0000000008005210       0x1b src/smart_house_model.o
 .rodata.smart_house_init.str1.1
                0x000000000800522b       0x17 src/smart_house_model.o
 .rodata.str1.1
                0x0000000008005242      0x311 src/smart_house_model.o
 .rodata.serial_clear_screen.str1.1
                0x0000000008005553        0x2 src/usb_serial.o
 .rodata.serial_init.str1.1
                0x0000000008005553      0x311 src/usb_serial.o
                                          0x1 (size before relaxing)
 .rodata.serial_print_conf.str1.1
                0x0000000008005553        0x6 src/usb_serial.o
 .rodata.serial_print_error.str1.1
                0x0000000008005559        0x6 src/usb_serial.o
 .rodata.serial_print_help.str1.1
                0x000000000800555f       0x32 src/usb_serial.o
 .rodata.serial_print_info.str1.1
                0x0000000008005591       0x16 src/usb_serial.o
 .rodata.serial_print_status.str1.1
                0x00000000080055a7        0x6 src/usb_serial.o
 .rodata.cdcacm_functional_descriptors
                0x00000000080055ad       0x13 src/usbcdc.o
 .rodata.comm_endp
                0x00000000080055c0        0xf src/usbcdc.o
 .rodata.comm_iface
                0x00000000080055cf       0x15 src/usbcdc.o
 .rodata.config
                0x00000000080055e4        0xd src/usbcdc.o
 .rodata.cr.5602
                0x00000000080055f1        0x1 src/usbcdc.o
 .rodata.data_endp
                0x00000000080055f2       0x1e src/usbcdc.o
 .rodata.data_iface
                0x0000000008005610       0x15 src/usbcdc.o
 .rodata.dev    0x0000000008005625       0x12 src/usbcdc.o
 *fill*         0x0000000008005637        0x1 
 .rodata.ifaces
                0x0000000008005638       0x20 src/usbcdc.o
 .rodata.str1.1
                0x0000000008005658       0x29 src/usbcdc.o
 .rodata.usb_start.str1.1
                0x0000000008005681        0x4 src/usbcdc.o
 .rodata.vTaskStartScheduler.str1.1
                0x0000000008005685        0x5 rtos/tasks.o
 .rodata.internal_vprintf.str1.1
                0x000000000800568a        0x3 src/miniprintf.o
 .rodata.xTimerCreateTimerTask.str1.1
                0x000000000800568d        0x8 rtos/timers.o
 *fill*         0x0000000008005695        0x3 
 .rodata.CSWTCH.31
                0x0000000008005698       0x28 /mnt/c/Users/migue/Desktop/Escuela/Embebidos/git_libro/stm32f103c8t6/libopencm3/lib/libopencm3_stm32f1.a(usb_standard.o)
 .rodata.CSWTCH.33
                0x00000000080056c0       0x30 /mnt/c/Users/migue/Desktop/Escuela/Embebidos/git_libro/stm32f103c8t6/libopencm3/lib/libopencm3_stm32f1.a(usb_standard.o)
 .rodata.st_usbfs_v1_usb_driver
                0x00000000080056f0       0x34 /mnt/c/Users/migue/Desktop/Escuela/Embebidos/git_libro/stm32f103c8t6/libopencm3/lib/libopencm3_stm32f1.a(st_usbfs_v1.o)
                0x00000000080056f0                st_usbfs_v1_usb_driver
                0x0000000008005724                . = ALIGN (0x4)

.glue_7         0x0000000008005724        0x0
 .glue_7        0x0000000008005724        0x0 linker stubs

.glue_7t        0x0000000008005724        0x0
 .glue_7t       0x0000000008005724        0x0 linker stubs

.vfp11_veneer   0x0000000008005724        0x0
 .vfp11_veneer  0x0000000008005724        0x0 linker stubs

.v4_bx          0x0000000008005724        0x0
 .v4_bx         0x0000000008005724        0x0 linker stubs

.iplt           0x0000000008005724        0x0
 .iplt          0x0000000008005724        0x0 src/I2C_LCD.o

.rel.dyn        0x0000000008005724        0x0
 .rel.iplt      0x0000000008005724        0x0 src/I2C_LCD.o

.preinit_array  0x0000000008005724        0x0
                0x0000000008005724                . = ALIGN (0x4)
                0x0000000008005724                __preinit_array_start = .
 *(.preinit_array)
                0x0000000008005724                __preinit_array_end = .

.init_array     0x0000000008005724        0x0
                0x0000000008005724                . = ALIGN (0x4)
                0x0000000008005724                __init_array_start = .
 *(SORT(.init_array.*))
 *(.init_array)
                0x0000000008005724                __init_array_end = .

.fini_array     0x0000000008005724        0x0
                0x0000000008005724                . = ALIGN (0x4)
                0x0000000008005724                __fini_array_start = .
 *(.fini_array)
 *(SORT(.fini_array.*))
                0x0000000008005724                __fini_array_end = .

.ARM.extab
 *(.ARM.extab*)

.ARM.exidx      0x0000000008005724        0x0
                0x0000000008005724                __exidx_start = .
 *(.ARM.exidx*)
                0x0000000008005724                __exidx_end = .
                0x0000000008005724                . = ALIGN (0x4)
                0x0000000008005724                _etext = .

.data           0x0000000020000000      0x3f8 load address 0x0000000008005724
                0x0000000020000000                _data = .
 *(.data*)
 .data.counter_sense_light
                0x0000000020000000        0x1 src/smart_house_model.o
                0x0000000020000000                counter_sense_light
 .data.counter_to_report_status
                0x0000000020000001        0x1 src/smart_house_model.o
                0x0000000020000001                counter_to_report_status
 .data.counter_to_report_status_LCD
                0x0000000020000002        0x1 src/smart_house_model.o
                0x0000000020000002                counter_to_report_status_LCD
 *fill*         0x0000000020000003        0x1 
 .data.errors   0x0000000020000004       0x34 src/smart_house_model.o
                0x0000000020000004                errors
 .data.help_message
                0x0000000020000038      0x39b src/smart_house_model.o
                0x0000000020000038                help_message
 *fill*         0x00000000200003d3        0x1 
 .data.string_threshold
                0x00000000200003d4        0x8 src/smart_house_model.o
                0x00000000200003d4                string_threshold
 .data.usb_strings
                0x00000000200003dc        0xc src/usbcdc.o
 .data.uxCriticalNesting
                0x00000000200003e8        0x4 rtos/port.o
 .data.rcc_ahb_frequency
                0x00000000200003ec        0x4 /mnt/c/Users/migue/Desktop/Escuela/Embebidos/git_libro/stm32f103c8t6/libopencm3/lib/libopencm3_stm32f1.a(rcc.o)
                0x00000000200003ec                rcc_ahb_frequency
 .data.rcc_apb1_frequency
                0x00000000200003f0        0x4 /mnt/c/Users/migue/Desktop/Escuela/Embebidos/git_libro/stm32f103c8t6/libopencm3/lib/libopencm3_stm32f1.a(rcc.o)
                0x00000000200003f0                rcc_apb1_frequency
 .data.rcc_apb2_frequency
                0x00000000200003f4        0x4 /mnt/c/Users/migue/Desktop/Escuela/Embebidos/git_libro/stm32f103c8t6/libopencm3/lib/libopencm3_stm32f1.a(rcc.o)
                0x00000000200003f4                rcc_apb2_frequency
                0x00000000200003f8                . = ALIGN (0x4)
                0x00000000200003f8                _edata = .
                0x0000000008005724                _data_loadaddr = LOADADDR (.data)

.igot.plt       0x00000000200003f8        0x0 load address 0x0000000008005b1c
 .igot.plt      0x00000000200003f8        0x0 src/I2C_LCD.o

.bss            0x00000000200003f8     0x477c load address 0x0000000008005b1c
 *(.bss*)
 .bss.i2c_on    0x00000000200003f8        0x2 src/i2c.o
                0x00000000200003f8                i2c_on
 *fill*         0x00000000200003fa        0x2 
 .bss.xSemaphore_comunicationI2C
                0x00000000200003fc        0x4 src/i2c.o
                0x00000000200003fc                xSemaphore_comunicationI2C
 .bss.adc_enabled
                0x0000000020000400        0x1 src/ADS1115_I2C_ADC.o
                0x0000000020000400                adc_enabled
 *fill*         0x0000000020000401        0x3 
 .bss.last_configuration
                0x0000000020000404        0xc src/ADS1115_I2C_ADC.o
                0x0000000020000404                last_configuration
 .bss.button_event_group
                0x0000000020000410        0x4 src/smart_house_model.o
                0x0000000020000410                button_event_group
 .bss.character
                0x0000000020000414        0x1 src/smart_house_model.o
                0x0000000020000414                character
 .bss.count_sense_light
                0x0000000020000415        0x1 src/smart_house_model.o
                0x0000000020000415                count_sense_light
 .bss.count_to_report_status
                0x0000000020000416        0x1 src/smart_house_model.o
                0x0000000020000416                count_to_report_status
 .bss.count_to_report_status_LCD
                0x0000000020000417        0x1 src/smart_house_model.o
                0x0000000020000417                count_to_report_status_LCD
 .bss.status_smart_house
                0x0000000020000418       0x18 src/smart_house_model.o
                0x0000000020000418                status_smart_house
 .bss.xHandling_debouncing
                0x0000000020000430        0x4 src/smart_house_model.o
                0x0000000020000430                xHandling_debouncing
 .bss.xHandling_display
                0x0000000020000434        0x4 src/smart_house_model.o
                0x0000000020000434                xHandling_display
 .bss.xHandling_sensor
                0x0000000020000438        0x4 src/smart_house_model.o
                0x0000000020000438                xHandling_sensor
 .bss.xHandling_usb_serial
                0x000000002000043c        0x4 src/smart_house_model.o
                0x000000002000043c                xHandling_usb_serial
 .bss.xQueue_led_intensity
                0x0000000020000440        0x4 src/smart_house_model.o
                0x0000000020000440                xQueue_led_intensity
 .bss.xQueue_light
                0x0000000020000444        0x4 src/smart_house_model.o
                0x0000000020000444                xQueue_light
 .bss.xQueue_max_temp
                0x0000000020000448        0x4 src/smart_house_model.o
                0x0000000020000448                xQueue_max_temp
 .bss.xQueue_max_th
                0x000000002000044c        0x4 src/smart_house_model.o
                0x000000002000044c                xQueue_max_th
 .bss.xQueue_min_temp
                0x0000000020000450        0x4 src/smart_house_model.o
                0x0000000020000450                xQueue_min_temp
 .bss.xQueue_min_th
                0x0000000020000454        0x4 src/smart_house_model.o
                0x0000000020000454                xQueue_min_th
 .bss.xQueue_temperature
                0x0000000020000458        0x4 src/smart_house_model.o
                0x0000000020000458                xQueue_temperature
 .bss.serial_debug
                0x000000002000045c        0x1 src/usb_serial.o
                0x000000002000045c                serial_debug
 *fill*         0x000000002000045d        0x3 
 .bss.serial_help_message
                0x0000000020000460        0x4 src/usb_serial.o
                0x0000000020000460                serial_help_message
 .bss.serial_on
                0x0000000020000464        0x1 src/usb_serial.o
                0x0000000020000464                serial_on
 *fill*         0x0000000020000465        0x3 
 .bss.time      0x0000000020000468       0x10 src/usb_serial.o
 .bss.xSemaphore_comunication
                0x0000000020000478        0x4 src/usb_serial.o
                0x0000000020000478                xSemaphore_comunication
 .bss.initialized
                0x000000002000047c        0x1 src/usbcdc.o
 *fill*         0x000000002000047d        0x3 
 .bss.usb_rxq   0x0000000020000480        0x4 src/usbcdc.o
 .bss.usb_txq   0x0000000020000484        0x4 src/usbcdc.o
 .bss.usbd_control_buffer
                0x0000000020000488       0x80 src/usbcdc.o
 .bss.pwm_on    0x0000000020000508       0x10 src/stm32f1_timer.o
                0x0000000020000508                pwm_on
 .bss.pwm_period
                0x0000000020000518       0x10 src/stm32f1_timer.o
                0x0000000020000518                pwm_period
 .bss.tim_on    0x0000000020000528        0x4 src/stm32f1_timer.o
                0x0000000020000528                tim_on
 .bss.pxEnd     0x000000002000052c        0x4 rtos/heap_4.o
 .bss.ucHeap    0x0000000020000530     0x4400 rtos/heap_4.o
 .bss.xBlockAllocatedBit
                0x0000000020004930        0x4 rtos/heap_4.o
 .bss.xFreeBytesRemaining
                0x0000000020004934        0x4 rtos/heap_4.o
 .bss.xMinimumEverFreeBytesRemaining
                0x0000000020004938        0x4 rtos/heap_4.o
 .bss.xStart    0x000000002000493c        0x8 rtos/heap_4.o
 .bss.pxCurrentTCB
                0x0000000020004944        0x4 rtos/tasks.o
                0x0000000020004944                pxCurrentTCB
 .bss.pxDelayedTaskList
                0x0000000020004948        0x4 rtos/tasks.o
 .bss.pxOverflowDelayedTaskList
                0x000000002000494c        0x4 rtos/tasks.o
 .bss.pxReadyTasksLists
                0x0000000020004950       0x64 rtos/tasks.o
 .bss.uxCurrentNumberOfTasks
                0x00000000200049b4        0x4 rtos/tasks.o
 .bss.uxDeletedTasksWaitingCleanUp
                0x00000000200049b8        0x4 rtos/tasks.o
 .bss.uxPendedTicks
                0x00000000200049bc        0x4 rtos/tasks.o
 .bss.uxSchedulerSuspended
                0x00000000200049c0        0x4 rtos/tasks.o
 .bss.uxTaskNumber
                0x00000000200049c4        0x4 rtos/tasks.o
 .bss.uxTopReadyPriority
                0x00000000200049c8        0x4 rtos/tasks.o
 .bss.xDelayedTaskList1
                0x00000000200049cc       0x14 rtos/tasks.o
 .bss.xDelayedTaskList2
                0x00000000200049e0       0x14 rtos/tasks.o
 .bss.xIdleTaskHandle
                0x00000000200049f4        0x4 rtos/tasks.o
 .bss.xNextTaskUnblockTime
                0x00000000200049f8        0x4 rtos/tasks.o
 .bss.xNumOfOverflows
                0x00000000200049fc        0x4 rtos/tasks.o
 .bss.xPendingReadyList
                0x0000000020004a00       0x14 rtos/tasks.o
 .bss.xSchedulerRunning
                0x0000000020004a14        0x4 rtos/tasks.o
 .bss.xTasksWaitingTermination
                0x0000000020004a18       0x14 rtos/tasks.o
 .bss.xTickCount
                0x0000000020004a2c        0x4 rtos/tasks.o
 .bss.xYieldPending
                0x0000000020004a30        0x4 rtos/tasks.o
 .bss.pxCurrentTimerList
                0x0000000020004a34        0x4 rtos/timers.o
 .bss.pxOverflowTimerList
                0x0000000020004a38        0x4 rtos/timers.o
 .bss.xActiveTimerList1
                0x0000000020004a3c       0x14 rtos/timers.o
 .bss.xActiveTimerList2
                0x0000000020004a50       0x14 rtos/timers.o
 .bss.xLastTime.5096
                0x0000000020004a64        0x4 rtos/timers.o
 .bss.xTimerQueue
                0x0000000020004a68        0x4 rtos/timers.o
 .bss.xTimerTaskHandle
                0x0000000020004a6c        0x4 rtos/timers.o
 .bss.st_usbfs_dev
                0x0000000020004a70       0xfc /mnt/c/Users/migue/Desktop/Escuela/Embebidos/git_libro/stm32f103c8t6/libopencm3/lib/libopencm3_stm32f1.a(st_usbfs_core.o)
                0x0000000020004a70                st_usbfs_dev
 .bss.st_usbfs_force_nak
                0x0000000020004b6c        0x8 /mnt/c/Users/migue/Desktop/Escuela/Embebidos/git_libro/stm32f103c8t6/libopencm3/lib/libopencm3_stm32f1.a(st_usbfs_core.o)
                0x0000000020004b6c                st_usbfs_force_nak
 *(COMMON)
                0x0000000020004b74                . = ALIGN (0x4)
                0x0000000020004b74                _ebss = .

/DISCARD/
 *(.eh_frame)
                0x0000000020004b74                . = ALIGN (0x4)
                0x0000000020004b74                end = .
                0x0000000020005000                PROVIDE (_stack, (ORIGIN (ram) + LENGTH (ram)))
OUTPUT(smart_house.elf elf32-littlearm)

.debug_info     0x0000000000000000    0x1ce6b
 .debug_info    0x0000000000000000      0x791 src/I2C_LCD.o
 .debug_info    0x0000000000000791      0xabc src/i2c.o
 .debug_info    0x000000000000124d      0x7bc src/ADS1115_I2C_ADC.o
 .debug_info    0x0000000000001a09     0x1212 src/smart_house.o
 .debug_info    0x0000000000002c1b     0x233a src/smart_house_model.o
 .debug_info    0x0000000000004f55      0x4fd src/STM32F1_GPIO.o
 .debug_info    0x0000000000005452     0x10f4 src/usb_serial.o
 .debug_info    0x0000000000006546     0x18b6 src/usbcdc.o
 .debug_info    0x0000000000007dfc      0x7a5 src/stm32f1_timer.o
 .debug_info    0x00000000000085a1      0xbc5 rtos/heap_4.o
 .debug_info    0x0000000000009166      0xa9d rtos/list.o
 .debug_info    0x0000000000009c03      0x302 rtos/port.o
 .debug_info    0x0000000000009f05     0x1b88 rtos/queue.o
 .debug_info    0x000000000000ba8d     0x2924 rtos/tasks.o
 .debug_info    0x000000000000e3b1      0x132 rtos/opencm3.o
 .debug_info    0x000000000000e4e3      0xfa9 src/miniprintf.o
 .debug_info    0x000000000000f48c     0x189a rtos/timers.o
 .debug_info    0x0000000000010d26      0xa40 rtos/event_groups.o
 .debug_info    0x0000000000011766       0xc8 /usr/lib/gcc/arm-none-eabi/6.3.1/../../../arm-none-eabi/lib/thumb/v7-m/libc.a(lib_a-memcpy.o)
 .debug_info    0x000000000001182e      0x91b /usr/lib/gcc/arm-none-eabi/6.3.1/../../../arm-none-eabi/lib/thumb/v7-m/libc.a(lib_a-memset.o)
 .debug_info    0x0000000000012149      0x8b6 /usr/lib/gcc/arm-none-eabi/6.3.1/../../../arm-none-eabi/lib/thumb/v7-m/libc.a(lib_a-strlen-stub.o)
 .debug_info    0x00000000000129ff      0x204 /mnt/c/Users/migue/Desktop/Escuela/Embebidos/git_libro/stm32f103c8t6/libopencm3/lib/libopencm3_stm32f1.a(exti_common_all.o)
 .debug_info    0x0000000000012c03      0x1dd /mnt/c/Users/migue/Desktop/Escuela/Embebidos/git_libro/stm32f103c8t6/libopencm3/lib/libopencm3_stm32f1.a(gpio.o)
 .debug_info    0x0000000000012de0      0x22c /mnt/c/Users/migue/Desktop/Escuela/Embebidos/git_libro/stm32f103c8t6/libopencm3/lib/libopencm3_stm32f1.a(gpio_common_all.o)
 .debug_info    0x000000000001300c      0xb3b /mnt/c/Users/migue/Desktop/Escuela/Embebidos/git_libro/stm32f103c8t6/libopencm3/lib/libopencm3_stm32f1.a(i2c_common_v1.o)
 .debug_info    0x0000000000013b47     0x114b /mnt/c/Users/migue/Desktop/Escuela/Embebidos/git_libro/stm32f103c8t6/libopencm3/lib/libopencm3_stm32f1.a(rcc.o)
 .debug_info    0x0000000000014c92      0x5f2 /mnt/c/Users/migue/Desktop/Escuela/Embebidos/git_libro/stm32f103c8t6/libopencm3/lib/libopencm3_stm32f1.a(rcc_common_all.o)
 .debug_info    0x0000000000015284     0x1001 /mnt/c/Users/migue/Desktop/Escuela/Embebidos/git_libro/stm32f103c8t6/libopencm3/lib/libopencm3_stm32f1.a(timer_common_all.o)
 .debug_info    0x0000000000016285     0x1617 /mnt/c/Users/migue/Desktop/Escuela/Embebidos/git_libro/stm32f103c8t6/libopencm3/lib/libopencm3_stm32f1.a(usb.o)
 .debug_info    0x000000000001789c     0x1768 /mnt/c/Users/migue/Desktop/Escuela/Embebidos/git_libro/stm32f103c8t6/libopencm3/lib/libopencm3_stm32f1.a(usb_control.o)
 .debug_info    0x0000000000019004     0x1cc4 /mnt/c/Users/migue/Desktop/Escuela/Embebidos/git_libro/stm32f103c8t6/libopencm3/lib/libopencm3_stm32f1.a(usb_standard.o)
 .debug_info    0x000000000001acc8      0xcd9 /mnt/c/Users/migue/Desktop/Escuela/Embebidos/git_libro/stm32f103c8t6/libopencm3/lib/libopencm3_stm32f1.a(st_usbfs_v1.o)
 .debug_info    0x000000000001b9a1      0x2af /mnt/c/Users/migue/Desktop/Escuela/Embebidos/git_libro/stm32f103c8t6/libopencm3/lib/libopencm3_stm32f1.a(vector.o)
 .debug_info    0x000000000001bc50      0x214 /mnt/c/Users/migue/Desktop/Escuela/Embebidos/git_libro/stm32f103c8t6/libopencm3/lib/libopencm3_stm32f1.a(nvic.o)
 .debug_info    0x000000000001be64       0xec /mnt/c/Users/migue/Desktop/Escuela/Embebidos/git_libro/stm32f103c8t6/libopencm3/lib/libopencm3_stm32f1.a(flash_common_all.o)
 .debug_info    0x000000000001bf50      0xf1b /mnt/c/Users/migue/Desktop/Escuela/Embebidos/git_libro/stm32f103c8t6/libopencm3/lib/libopencm3_stm32f1.a(st_usbfs_core.o)

.debug_abbrev   0x0000000000000000     0x4e03
 .debug_abbrev  0x0000000000000000      0x1c4 src/I2C_LCD.o
 .debug_abbrev  0x00000000000001c4      0x1f2 src/i2c.o
 .debug_abbrev  0x00000000000003b6      0x240 src/ADS1115_I2C_ADC.o
 .debug_abbrev  0x00000000000005f6      0x2bb src/smart_house.o
 .debug_abbrev  0x00000000000008b1      0x33e src/smart_house_model.o
 .debug_abbrev  0x0000000000000bef      0x123 src/STM32F1_GPIO.o
 .debug_abbrev  0x0000000000000d12      0x302 src/usb_serial.o
 .debug_abbrev  0x0000000000001014      0x3d3 src/usbcdc.o
 .debug_abbrev  0x00000000000013e7      0x1a9 src/stm32f1_timer.o
 .debug_abbrev  0x0000000000001590      0x2fa rtos/heap_4.o
 .debug_abbrev  0x000000000000188a      0x1ff rtos/list.o
 .debug_abbrev  0x0000000000001a89      0x1d4 rtos/port.o
 .debug_abbrev  0x0000000000001c5d      0x36f rtos/queue.o
 .debug_abbrev  0x0000000000001fcc      0x457 rtos/tasks.o
 .debug_abbrev  0x0000000000002423       0x81 rtos/opencm3.o
 .debug_abbrev  0x00000000000024a4      0x3d3 src/miniprintf.o
 .debug_abbrev  0x0000000000002877      0x3a8 rtos/timers.o
 .debug_abbrev  0x0000000000002c1f      0x24f rtos/event_groups.o
 .debug_abbrev  0x0000000000002e6e       0x14 /usr/lib/gcc/arm-none-eabi/6.3.1/../../../arm-none-eabi/lib/thumb/v7-m/libc.a(lib_a-memcpy.o)
 .debug_abbrev  0x0000000000002e82      0x1cd /usr/lib/gcc/arm-none-eabi/6.3.1/../../../arm-none-eabi/lib/thumb/v7-m/libc.a(lib_a-memset.o)
 .debug_abbrev  0x000000000000304f      0x19e /usr/lib/gcc/arm-none-eabi/6.3.1/../../../arm-none-eabi/lib/thumb/v7-m/libc.a(lib_a-strlen-stub.o)
 .debug_abbrev  0x00000000000031ed       0xe5 /mnt/c/Users/migue/Desktop/Escuela/Embebidos/git_libro/stm32f103c8t6/libopencm3/lib/libopencm3_stm32f1.a(exti_common_all.o)
 .debug_abbrev  0x00000000000032d2       0xb7 /mnt/c/Users/migue/Desktop/Escuela/Embebidos/git_libro/stm32f103c8t6/libopencm3/lib/libopencm3_stm32f1.a(gpio.o)
 .debug_abbrev  0x0000000000003389       0xf4 /mnt/c/Users/migue/Desktop/Escuela/Embebidos/git_libro/stm32f103c8t6/libopencm3/lib/libopencm3_stm32f1.a(gpio_common_all.o)
 .debug_abbrev  0x000000000000347d      0x2a8 /mnt/c/Users/migue/Desktop/Escuela/Embebidos/git_libro/stm32f103c8t6/libopencm3/lib/libopencm3_stm32f1.a(i2c_common_v1.o)
 .debug_abbrev  0x0000000000003725      0x27f /mnt/c/Users/migue/Desktop/Escuela/Embebidos/git_libro/stm32f103c8t6/libopencm3/lib/libopencm3_stm32f1.a(rcc.o)
 .debug_abbrev  0x00000000000039a4      0x137 /mnt/c/Users/migue/Desktop/Escuela/Embebidos/git_libro/stm32f103c8t6/libopencm3/lib/libopencm3_stm32f1.a(rcc_common_all.o)
 .debug_abbrev  0x0000000000003adb      0x17f /mnt/c/Users/migue/Desktop/Escuela/Embebidos/git_libro/stm32f103c8t6/libopencm3/lib/libopencm3_stm32f1.a(timer_common_all.o)
 .debug_abbrev  0x0000000000003c5a      0x2a2 /mnt/c/Users/migue/Desktop/Escuela/Embebidos/git_libro/stm32f103c8t6/libopencm3/lib/libopencm3_stm32f1.a(usb.o)
 .debug_abbrev  0x0000000000003efc      0x3b6 /mnt/c/Users/migue/Desktop/Escuela/Embebidos/git_libro/stm32f103c8t6/libopencm3/lib/libopencm3_stm32f1.a(usb_control.o)
 .debug_abbrev  0x00000000000042b2      0x4a7 /mnt/c/Users/migue/Desktop/Escuela/Embebidos/git_libro/stm32f103c8t6/libopencm3/lib/libopencm3_stm32f1.a(usb_standard.o)
 .debug_abbrev  0x0000000000004759      0x203 /mnt/c/Users/migue/Desktop/Escuela/Embebidos/git_libro/stm32f103c8t6/libopencm3/lib/libopencm3_stm32f1.a(st_usbfs_v1.o)
 .debug_abbrev  0x000000000000495c      0x127 /mnt/c/Users/migue/Desktop/Escuela/Embebidos/git_libro/stm32f103c8t6/libopencm3/lib/libopencm3_stm32f1.a(vector.o)
 .debug_abbrev  0x0000000000004a83       0xa6 /mnt/c/Users/migue/Desktop/Escuela/Embebidos/git_libro/stm32f103c8t6/libopencm3/lib/libopencm3_stm32f1.a(nvic.o)
 .debug_abbrev  0x0000000000004b29       0x8a /mnt/c/Users/migue/Desktop/Escuela/Embebidos/git_libro/stm32f103c8t6/libopencm3/lib/libopencm3_stm32f1.a(flash_common_all.o)
 .debug_abbrev  0x0000000000004bb3      0x250 /mnt/c/Users/migue/Desktop/Escuela/Embebidos/git_libro/stm32f103c8t6/libopencm3/lib/libopencm3_stm32f1.a(st_usbfs_core.o)

.debug_loc      0x0000000000000000     0x9845
 .debug_loc     0x0000000000000000      0x437 src/I2C_LCD.o
 .debug_loc     0x0000000000000437      0x3de src/i2c.o
 .debug_loc     0x0000000000000815      0x454 src/ADS1115_I2C_ADC.o
 .debug_loc     0x0000000000000c69       0x84 src/smart_house.o
 .debug_loc     0x0000000000000ced      0x4e2 src/smart_house_model.o
 .debug_loc     0x00000000000011cf      0x171 src/STM32F1_GPIO.o
 .debug_loc     0x0000000000001340       0xde src/usb_serial.o
 .debug_loc     0x000000000000141e      0x325 src/usbcdc.o
 .debug_loc     0x0000000000001743      0x452 src/stm32f1_timer.o
 .debug_loc     0x0000000000001b95      0x34c rtos/heap_4.o
 .debug_loc     0x0000000000001ee1       0x94 rtos/list.o
 .debug_loc     0x0000000000001f75       0xa8 rtos/port.o
 .debug_loc     0x000000000000201d      0xde9 rtos/queue.o
 .debug_loc     0x0000000000002e06     0x15f8 rtos/tasks.o
 .debug_loc     0x00000000000043fe      0x77d src/miniprintf.o
 .debug_loc     0x0000000000004b7b      0x945 rtos/timers.o
 .debug_loc     0x00000000000054c0      0x846 rtos/event_groups.o
 .debug_loc     0x0000000000005d06      0x1bd /usr/lib/gcc/arm-none-eabi/6.3.1/../../../arm-none-eabi/lib/thumb/v7-m/libc.a(lib_a-memset.o)
 .debug_loc     0x0000000000005ec3       0x21 /usr/lib/gcc/arm-none-eabi/6.3.1/../../../arm-none-eabi/lib/thumb/v7-m/libc.a(lib_a-strlen-stub.o)
 .debug_loc     0x0000000000005ee4      0x191 /mnt/c/Users/migue/Desktop/Escuela/Embebidos/git_libro/stm32f103c8t6/libopencm3/lib/libopencm3_stm32f1.a(exti_common_all.o)
 .debug_loc     0x0000000000006075      0x172 /mnt/c/Users/migue/Desktop/Escuela/Embebidos/git_libro/stm32f103c8t6/libopencm3/lib/libopencm3_stm32f1.a(gpio.o)
 .debug_loc     0x00000000000061e7       0x97 /mnt/c/Users/migue/Desktop/Escuela/Embebidos/git_libro/stm32f103c8t6/libopencm3/lib/libopencm3_stm32f1.a(gpio_common_all.o)
 .debug_loc     0x000000000000627e      0x4e4 /mnt/c/Users/migue/Desktop/Escuela/Embebidos/git_libro/stm32f103c8t6/libopencm3/lib/libopencm3_stm32f1.a(i2c_common_v1.o)
 .debug_loc     0x0000000000006762      0x480 /mnt/c/Users/migue/Desktop/Escuela/Embebidos/git_libro/stm32f103c8t6/libopencm3/lib/libopencm3_stm32f1.a(rcc.o)
 .debug_loc     0x0000000000006be2      0x108 /mnt/c/Users/migue/Desktop/Escuela/Embebidos/git_libro/stm32f103c8t6/libopencm3/lib/libopencm3_stm32f1.a(rcc_common_all.o)
 .debug_loc     0x0000000000006cea      0x407 /mnt/c/Users/migue/Desktop/Escuela/Embebidos/git_libro/stm32f103c8t6/libopencm3/lib/libopencm3_stm32f1.a(timer_common_all.o)
 .debug_loc     0x00000000000070f1      0x4b1 /mnt/c/Users/migue/Desktop/Escuela/Embebidos/git_libro/stm32f103c8t6/libopencm3/lib/libopencm3_stm32f1.a(usb.o)
 .debug_loc     0x00000000000075a2      0x6e8 /mnt/c/Users/migue/Desktop/Escuela/Embebidos/git_libro/stm32f103c8t6/libopencm3/lib/libopencm3_stm32f1.a(usb_control.o)
 .debug_loc     0x0000000000007c8a     0x10e6 /mnt/c/Users/migue/Desktop/Escuela/Embebidos/git_libro/stm32f103c8t6/libopencm3/lib/libopencm3_stm32f1.a(usb_standard.o)
 .debug_loc     0x0000000000008d70      0x15e /mnt/c/Users/migue/Desktop/Escuela/Embebidos/git_libro/stm32f103c8t6/libopencm3/lib/libopencm3_stm32f1.a(st_usbfs_v1.o)
 .debug_loc     0x0000000000008ece       0xea /mnt/c/Users/migue/Desktop/Escuela/Embebidos/git_libro/stm32f103c8t6/libopencm3/lib/libopencm3_stm32f1.a(vector.o)
 .debug_loc     0x0000000000008fb8      0x129 /mnt/c/Users/migue/Desktop/Escuela/Embebidos/git_libro/stm32f103c8t6/libopencm3/lib/libopencm3_stm32f1.a(nvic.o)
 .debug_loc     0x00000000000090e1       0x3f /mnt/c/Users/migue/Desktop/Escuela/Embebidos/git_libro/stm32f103c8t6/libopencm3/lib/libopencm3_stm32f1.a(flash_common_all.o)
 .debug_loc     0x0000000000009120      0x725 /mnt/c/Users/migue/Desktop/Escuela/Embebidos/git_libro/stm32f103c8t6/libopencm3/lib/libopencm3_stm32f1.a(st_usbfs_core.o)

.debug_aranges  0x0000000000000000     0x1208
 .debug_aranges
                0x0000000000000000       0x48 src/I2C_LCD.o
 .debug_aranges
                0x0000000000000048       0x58 src/i2c.o
 .debug_aranges
                0x00000000000000a0       0x68 src/ADS1115_I2C_ADC.o
 .debug_aranges
                0x0000000000000108       0x40 src/smart_house.o
 .debug_aranges
                0x0000000000000148       0xd0 src/smart_house_model.o
 .debug_aranges
                0x0000000000000218       0x40 src/STM32F1_GPIO.o
 .debug_aranges
                0x0000000000000258       0xa8 src/usb_serial.o
 .debug_aranges
                0x0000000000000300       0x80 src/usbcdc.o
 .debug_aranges
                0x0000000000000380       0x60 src/stm32f1_timer.o
 .debug_aranges
                0x00000000000003e0       0x48 rtos/heap_4.o
 .debug_aranges
                0x0000000000000428       0x40 rtos/list.o
 .debug_aranges
                0x0000000000000468       0x70 rtos/port.o
 .debug_aranges
                0x00000000000004d8       0xc8 rtos/queue.o
 .debug_aranges
                0x00000000000005a0      0x180 rtos/tasks.o
 .debug_aranges
                0x0000000000000720       0x30 rtos/opencm3.o
 .debug_aranges
                0x0000000000000750       0x58 src/miniprintf.o
 .debug_aranges
                0x00000000000007a8       0x98 rtos/timers.o
 .debug_aranges
                0x0000000000000840       0x78 rtos/event_groups.o
 .debug_aranges
                0x00000000000008b8       0x20 /usr/lib/gcc/arm-none-eabi/6.3.1/../../../arm-none-eabi/lib/thumb/v7-m/libc.a(lib_a-memcpy.o)
 .debug_aranges
                0x00000000000008d8       0x20 /usr/lib/gcc/arm-none-eabi/6.3.1/../../../arm-none-eabi/lib/thumb/v7-m/libc.a(lib_a-memset.o)
 .debug_aranges
                0x00000000000008f8       0x20 /usr/lib/gcc/arm-none-eabi/6.3.1/../../../arm-none-eabi/lib/thumb/v7-m/libc.a(lib_a-strlen-stub.o)
 .debug_aranges
                0x0000000000000918       0x48 /mnt/c/Users/migue/Desktop/Escuela/Embebidos/git_libro/stm32f103c8t6/libopencm3/lib/libopencm3_stm32f1.a(exti_common_all.o)
 .debug_aranges
                0x0000000000000960       0x38 /mnt/c/Users/migue/Desktop/Escuela/Embebidos/git_libro/stm32f103c8t6/libopencm3/lib/libopencm3_stm32f1.a(gpio.o)
 .debug_aranges
                0x0000000000000998       0x50 /mnt/c/Users/migue/Desktop/Escuela/Embebidos/git_libro/stm32f103c8t6/libopencm3/lib/libopencm3_stm32f1.a(gpio_common_all.o)
 .debug_aranges
                0x00000000000009e8      0x118 /mnt/c/Users/migue/Desktop/Escuela/Embebidos/git_libro/stm32f103c8t6/libopencm3/lib/libopencm3_stm32f1.a(i2c_common_v1.o)
 .debug_aranges
                0x0000000000000b00      0x158 /mnt/c/Users/migue/Desktop/Escuela/Embebidos/git_libro/stm32f103c8t6/libopencm3/lib/libopencm3_stm32f1.a(rcc.o)
 .debug_aranges
                0x0000000000000c58       0x68 /mnt/c/Users/migue/Desktop/Escuela/Embebidos/git_libro/stm32f103c8t6/libopencm3/lib/libopencm3_stm32f1.a(rcc_common_all.o)
 .debug_aranges
                0x0000000000000cc0      0x268 /mnt/c/Users/migue/Desktop/Escuela/Embebidos/git_libro/stm32f103c8t6/libopencm3/lib/libopencm3_stm32f1.a(timer_common_all.o)
 .debug_aranges
                0x0000000000000f28       0x88 /mnt/c/Users/migue/Desktop/Escuela/Embebidos/git_libro/stm32f103c8t6/libopencm3/lib/libopencm3_stm32f1.a(usb.o)
 .debug_aranges
                0x0000000000000fb0       0x60 /mnt/c/Users/migue/Desktop/Escuela/Embebidos/git_libro/stm32f103c8t6/libopencm3/lib/libopencm3_stm32f1.a(usb_control.o)
 .debug_aranges
                0x0000000000001010       0x98 /mnt/c/Users/migue/Desktop/Escuela/Embebidos/git_libro/stm32f103c8t6/libopencm3/lib/libopencm3_stm32f1.a(usb_standard.o)
 .debug_aranges
                0x00000000000010a8       0x30 /mnt/c/Users/migue/Desktop/Escuela/Embebidos/git_libro/stm32f103c8t6/libopencm3/lib/libopencm3_stm32f1.a(st_usbfs_v1.o)
 .debug_aranges
                0x00000000000010d8       0x30 /mnt/c/Users/migue/Desktop/Escuela/Embebidos/git_libro/stm32f103c8t6/libopencm3/lib/libopencm3_stm32f1.a(vector.o)
 .debug_aranges
                0x0000000000001108       0x60 /mnt/c/Users/migue/Desktop/Escuela/Embebidos/git_libro/stm32f103c8t6/libopencm3/lib/libopencm3_stm32f1.a(nvic.o)
 .debug_aranges
                0x0000000000001168       0x38 /mnt/c/Users/migue/Desktop/Escuela/Embebidos/git_libro/stm32f103c8t6/libopencm3/lib/libopencm3_stm32f1.a(flash_common_all.o)
 .debug_aranges
                0x00000000000011a0       0x68 /mnt/c/Users/migue/Desktop/Escuela/Embebidos/git_libro/stm32f103c8t6/libopencm3/lib/libopencm3_stm32f1.a(st_usbfs_core.o)

.debug_ranges   0x0000000000000000     0x14d8
 .debug_ranges  0x0000000000000000       0x50 src/I2C_LCD.o
 .debug_ranges  0x0000000000000050       0x78 src/i2c.o
 .debug_ranges  0x00000000000000c8       0x70 src/ADS1115_I2C_ADC.o
 .debug_ranges  0x0000000000000138       0x30 src/smart_house.o
 .debug_ranges  0x0000000000000168       0xc0 src/smart_house_model.o
 .debug_ranges  0x0000000000000228       0x30 src/STM32F1_GPIO.o
 .debug_ranges  0x0000000000000258       0xb0 src/usb_serial.o
 .debug_ranges  0x0000000000000308       0x88 src/usbcdc.o
 .debug_ranges  0x0000000000000390       0x50 src/stm32f1_timer.o
 .debug_ranges  0x00000000000003e0       0x38 rtos/heap_4.o
 .debug_ranges  0x0000000000000418       0x30 rtos/list.o
 .debug_ranges  0x0000000000000448       0x60 rtos/port.o
 .debug_ranges  0x00000000000004a8      0x198 rtos/queue.o
 .debug_ranges  0x0000000000000640      0x2c0 rtos/tasks.o
 .debug_ranges  0x0000000000000900       0x20 rtos/opencm3.o
 .debug_ranges  0x0000000000000920       0x48 src/miniprintf.o
 .debug_ranges  0x0000000000000968       0xf0 rtos/timers.o
 .debug_ranges  0x0000000000000a58       0x98 rtos/event_groups.o
 .debug_ranges  0x0000000000000af0       0x10 /usr/lib/gcc/arm-none-eabi/6.3.1/../../../arm-none-eabi/lib/thumb/v7-m/libc.a(lib_a-strlen-stub.o)
 .debug_ranges  0x0000000000000b00       0x50 /mnt/c/Users/migue/Desktop/Escuela/Embebidos/git_libro/stm32f103c8t6/libopencm3/lib/libopencm3_stm32f1.a(exti_common_all.o)
 .debug_ranges  0x0000000000000b50       0x28 /mnt/c/Users/migue/Desktop/Escuela/Embebidos/git_libro/stm32f103c8t6/libopencm3/lib/libopencm3_stm32f1.a(gpio.o)
 .debug_ranges  0x0000000000000b78       0x40 /mnt/c/Users/migue/Desktop/Escuela/Embebidos/git_libro/stm32f103c8t6/libopencm3/lib/libopencm3_stm32f1.a(gpio_common_all.o)
 .debug_ranges  0x0000000000000bb8      0x120 /mnt/c/Users/migue/Desktop/Escuela/Embebidos/git_libro/stm32f103c8t6/libopencm3/lib/libopencm3_stm32f1.a(i2c_common_v1.o)
 .debug_ranges  0x0000000000000cd8      0x1a8 /mnt/c/Users/migue/Desktop/Escuela/Embebidos/git_libro/stm32f103c8t6/libopencm3/lib/libopencm3_stm32f1.a(rcc.o)
 .debug_ranges  0x0000000000000e80       0x58 /mnt/c/Users/migue/Desktop/Escuela/Embebidos/git_libro/stm32f103c8t6/libopencm3/lib/libopencm3_stm32f1.a(rcc_common_all.o)
 .debug_ranges  0x0000000000000ed8      0x258 /mnt/c/Users/migue/Desktop/Escuela/Embebidos/git_libro/stm32f103c8t6/libopencm3/lib/libopencm3_stm32f1.a(timer_common_all.o)
 .debug_ranges  0x0000000000001130       0x78 /mnt/c/Users/migue/Desktop/Escuela/Embebidos/git_libro/stm32f103c8t6/libopencm3/lib/libopencm3_stm32f1.a(usb.o)
 .debug_ranges  0x00000000000011a8       0x90 /mnt/c/Users/migue/Desktop/Escuela/Embebidos/git_libro/stm32f103c8t6/libopencm3/lib/libopencm3_stm32f1.a(usb_control.o)
 .debug_ranges  0x0000000000001238       0xe0 /mnt/c/Users/migue/Desktop/Escuela/Embebidos/git_libro/stm32f103c8t6/libopencm3/lib/libopencm3_stm32f1.a(usb_standard.o)
 .debug_ranges  0x0000000000001318       0x20 /mnt/c/Users/migue/Desktop/Escuela/Embebidos/git_libro/stm32f103c8t6/libopencm3/lib/libopencm3_stm32f1.a(st_usbfs_v1.o)